Archive member included to satisfy reference by file (symbol)

c:/st/stm32cubeide_1.3.0/stm32cubeide/plugins/com.st.stm32cube.ide.mcu.externaltools.gnu-tools-for-stm32.7-2018-q2-update.win32_1.4.0.202007081208/tools/bin/../lib/gcc/arm-none-eabi/7.3.1/../../../../arm-none-eabi/lib/thumb/v7e-m/fpv4-sp/hard\libstdc++_nano.a(del_ops.o)
                              Suporting_Devices/SSD1306/Src/RJA_SSD1306.o (operator delete(void*, unsigned int))
c:/st/stm32cubeide_1.3.0/stm32cubeide/plugins/com.st.stm32cube.ide.mcu.externaltools.gnu-tools-for-stm32.7-2018-q2-update.win32_1.4.0.202007081208/tools/bin/../lib/gcc/arm-none-eabi/7.3.1/../../../../arm-none-eabi/lib/thumb/v7e-m/fpv4-sp/hard\libstdc++_nano.a(del_op.o)
                              c:/st/stm32cubeide_1.3.0/stm32cubeide/plugins/com.st.stm32cube.ide.mcu.externaltools.gnu-tools-for-stm32.7-2018-q2-update.win32_1.4.0.202007081208/tools/bin/../lib/gcc/arm-none-eabi/7.3.1/../../../../arm-none-eabi/lib/thumb/v7e-m/fpv4-sp/hard\libstdc++_nano.a(del_ops.o) (operator delete(void*))
c:/st/stm32cubeide_1.3.0/stm32cubeide/plugins/com.st.stm32cube.ide.mcu.externaltools.gnu-tools-for-stm32.7-2018-q2-update.win32_1.4.0.202007081208/tools/bin/../lib/gcc/arm-none-eabi/7.3.1/../../../../arm-none-eabi/lib/thumb/v7e-m/fpv4-sp/hard\libstdc++_nano.a(allocator-inst.o)
                              Suporting_Devices/SSD1306/Src/OLED_LCD_Control.o (std::allocator<char>::allocator())
c:/st/stm32cubeide_1.3.0/stm32cubeide/plugins/com.st.stm32cube.ide.mcu.externaltools.gnu-tools-for-stm32.7-2018-q2-update.win32_1.4.0.202007081208/tools/bin/../lib/gcc/arm-none-eabi/7.3.1/../../../../arm-none-eabi/lib/thumb/v7e-m/fpv4-sp/hard\libstdc++_nano.a(string-inst.o)
                              Suporting_Devices/SSD1306/Src/OLED_LCD_Control.o (std::__cxx11::basic_string<char, std::char_traits<char>, std::allocator<char> >::~basic_string())
c:/st/stm32cubeide_1.3.0/stm32cubeide/plugins/com.st.stm32cube.ide.mcu.externaltools.gnu-tools-for-stm32.7-2018-q2-update.win32_1.4.0.202007081208/tools/bin/../lib/gcc/arm-none-eabi/7.3.1/../../../../arm-none-eabi/lib/thumb/v7e-m/fpv4-sp/hard\libstdc++_nano.a(new_op.o)
                              c:/st/stm32cubeide_1.3.0/stm32cubeide/plugins/com.st.stm32cube.ide.mcu.externaltools.gnu-tools-for-stm32.7-2018-q2-update.win32_1.4.0.202007081208/tools/bin/../lib/gcc/arm-none-eabi/7.3.1/../../../../arm-none-eabi/lib/thumb/v7e-m/fpv4-sp/hard\libstdc++_nano.a(string-inst.o) (operator new(unsigned int))
c:/st/stm32cubeide_1.3.0/stm32cubeide/plugins/com.st.stm32cube.ide.mcu.externaltools.gnu-tools-for-stm32.7-2018-q2-update.win32_1.4.0.202007081208/tools/bin/../lib/gcc/arm-none-eabi/7.3.1/../../../../arm-none-eabi/lib/thumb/v7e-m/fpv4-sp/hard\libstdc++_nano.a(new_handler.o)
                              c:/st/stm32cubeide_1.3.0/stm32cubeide/plugins/com.st.stm32cube.ide.mcu.externaltools.gnu-tools-for-stm32.7-2018-q2-update.win32_1.4.0.202007081208/tools/bin/../lib/gcc/arm-none-eabi/7.3.1/../../../../arm-none-eabi/lib/thumb/v7e-m/fpv4-sp/hard\libstdc++_nano.a(new_op.o) (std::get_new_handler())
c:/st/stm32cubeide_1.3.0/stm32cubeide/plugins/com.st.stm32cube.ide.mcu.externaltools.gnu-tools-for-stm32.7-2018-q2-update.win32_1.4.0.202007081208/tools/bin/../lib/gcc/arm-none-eabi/7.3.1/../../../../arm-none-eabi/lib/thumb/v7e-m/fpv4-sp/hard\libstdc++_nano.a(functexcept.o)
                              c:/st/stm32cubeide_1.3.0/stm32cubeide/plugins/com.st.stm32cube.ide.mcu.externaltools.gnu-tools-for-stm32.7-2018-q2-update.win32_1.4.0.202007081208/tools/bin/../lib/gcc/arm-none-eabi/7.3.1/../../../../arm-none-eabi/lib/thumb/v7e-m/fpv4-sp/hard\libstdc++_nano.a(string-inst.o) (std::__throw_logic_error(char const*))
c:/st/stm32cubeide_1.3.0/stm32cubeide/plugins/com.st.stm32cube.ide.mcu.externaltools.gnu-tools-for-stm32.7-2018-q2-update.win32_1.4.0.202007081208/tools/bin/../lib/gcc/arm-none-eabi/7.3.1/../../../../arm-none-eabi/lib/thumb/v7e-m/fpv4-sp/hard\libstdc++_nano.a(snprintf_lite.o)
                              c:/st/stm32cubeide_1.3.0/stm32cubeide/plugins/com.st.stm32cube.ide.mcu.externaltools.gnu-tools-for-stm32.7-2018-q2-update.win32_1.4.0.202007081208/tools/bin/../lib/gcc/arm-none-eabi/7.3.1/../../../../arm-none-eabi/lib/thumb/v7e-m/fpv4-sp/hard\libstdc++_nano.a(functexcept.o) (__gnu_cxx::__snprintf_lite(char*, unsigned int, char const*, std::__va_list))
c:/st/stm32cubeide_1.3.0/stm32cubeide/plugins/com.st.stm32cube.ide.mcu.externaltools.gnu-tools-for-stm32.7-2018-q2-update.win32_1.4.0.202007081208/tools/bin/../lib/gcc/arm-none-eabi/7.3.1/../../../../arm-none-eabi/lib/thumb/v7e-m/fpv4-sp/hard\libc_nano.a(lib_a-abort.o)
                              c:/st/stm32cubeide_1.3.0/stm32cubeide/plugins/com.st.stm32cube.ide.mcu.externaltools.gnu-tools-for-stm32.7-2018-q2-update.win32_1.4.0.202007081208/tools/bin/../lib/gcc/arm-none-eabi/7.3.1/../../../../arm-none-eabi/lib/thumb/v7e-m/fpv4-sp/hard\libstdc++_nano.a(new_op.o) (abort)
[...]
Memory Configuration

Name             Origin             Length             Attributes
CCMRAM           0x0000000010000000 0x0000000000010000 xrw
RAM              0x0000000020000000 0x0000000000020000 xrw
FLASH            0x0000000008000000 0x0000000000100000 xr
*default*        0x0000000000000000 0xffffffffffffffff

Linker script and memory map

LOAD c:/st/stm32cubeide_1.3.0/stm32cubeide/plugins/com.st.stm32cube.ide.mcu.externaltools.gnu-tools-for-stm32.7-2018-q2-update.win32_1.4.0.202007081208/tools/bin/../lib/gcc/arm-none-eabi/7.3.1/thumb/v7e-m/fpv4-sp/hard/crti.o
LOAD c:/st/stm32cubeide_1.3.0/stm32cubeide/plugins/com.st.stm32cube.ide.mcu.externaltools.gnu-tools-for-stm32.7-2018-q2-update.win32_1.4.0.202007081208/tools/bin/../lib/gcc/arm-none-eabi/7.3.1/thumb/v7e-m/fpv4-sp/hard/crtbegin.o
LOAD c:/st/stm32cubeide_1.3.0/stm32cubeide/plugins/com.st.stm32cube.ide.mcu.externaltools.gnu-tools-for-stm32.7-2018-q2-update.win32_1.4.0.202007081208/tools/bin/../lib/gcc/arm-none-eabi/7.3.1/../../../../arm-none-eabi/lib/thumb/v7e-m/fpv4-sp/hard/crt0.o
LOAD Core/Src/main.o
LOAD Core/Src/stm32f4xx_hal_msp.o
LOAD Core/Src/stm32f4xx_it.o
LOAD Core/Src/syscalls.o
LOAD Core/Src/sysmem.o
LOAD Core/Src/system_stm32f4xx.o
LOAD Core/Startup/startup_stm32f407vgtx.o
LOAD Drivers/STM32F4xx_HAL_Driver/Src/stm32f4xx_hal.o
LOAD Drivers/STM32F4xx_HAL_Driver/Src/stm32f4xx_hal_adc.o
LOAD Drivers/STM32F4xx_HAL_Driver/Src/stm32f4xx_hal_adc_ex.o
LOAD Drivers/STM32F4xx_HAL_Driver/Src/stm32f4xx_hal_cortex.o
LOAD Drivers/STM32F4xx_HAL_Driver/Src/stm32f4xx_hal_dma.o
LOAD Drivers/STM32F4xx_HAL_Driver/Src/stm32f4xx_hal_dma_ex.o
LOAD Drivers/STM32F4xx_HAL_Driver/Src/stm32f4xx_hal_exti.o
LOAD Drivers/STM32F4xx_HAL_Driver/Src/stm32f4xx_hal_flash.o
LOAD Drivers/STM32F4xx_HAL_Driver/Src/stm32f4xx_hal_flash_ex.o
LOAD Drivers/STM32F4xx_HAL_Driver/Src/stm32f4xx_hal_flash_ramfunc.o
LOAD Drivers/STM32F4xx_HAL_Driver/Src/stm32f4xx_hal_gpio.o
LOAD Drivers/STM32F4xx_HAL_Driver/Src/stm32f4xx_hal_i2c.o
LOAD Drivers/STM32F4xx_HAL_Driver/Src/stm32f4xx_hal_i2c_ex.o
LOAD Drivers/STM32F4xx_HAL_Driver/Src/stm32f4xx_hal_i2s.o
LOAD Drivers/STM32F4xx_HAL_Driver/Src/stm32f4xx_hal_i2s_ex.o
LOAD Drivers/STM32F4xx_HAL_Driver/Src/stm32f4xx_hal_pwr.o
LOAD Drivers/STM32F4xx_HAL_Driver/Src/stm32f4xx_hal_pwr_ex.o
LOAD Drivers/STM32F4xx_HAL_Driver/Src/stm32f4xx_hal_rcc.o
LOAD Drivers/STM32F4xx_HAL_Driver/Src/stm32f4xx_hal_rcc_ex.o
LOAD Drivers/STM32F4xx_HAL_Driver/Src/stm32f4xx_hal_rtc.o
LOAD Drivers/STM32F4xx_HAL_Driver/Src/stm32f4xx_hal_rtc_ex.o
LOAD Drivers/STM32F4xx_HAL_Driver/Src/stm32f4xx_hal_spi.o
LOAD Drivers/STM32F4xx_HAL_Driver/Src/stm32f4xx_hal_tim.o
LOAD Drivers/STM32F4xx_HAL_Driver/Src/stm32f4xx_hal_tim_ex.o
LOAD Drivers/STM32F4xx_HAL_Driver/Src/stm32f4xx_hal_uart.o
LOAD Suporting_Devices/Accelelometer_Chip/MY_LIS3DSH.o
LOAD Suporting_Devices/Common_Helper_Fuctions/Src/Helper_Functions.o
LOAD Suporting_Devices/Common_Helper_Fuctions/Src/Main_Device_Control_And_Schedule.o
LOAD Suporting_Devices/Radio_Module/NRF24L01/Src/Radio_RF_Control.o
LOAD Suporting_Devices/SSD1306/Src/OLED_LCD_Control.o
LOAD Suporting_Devices/SSD1306/Src/RJA_SSD1306.o
START GROUP
LOAD c:/st/stm32cubeide_1.3.0/stm32cubeide/plugins/com.st.stm32cube.ide.mcu.externaltools.gnu-tools-for-stm32.7-2018-q2-update.win32_1.4.0.202007081208/tools/bin/../lib/gcc/arm-none-eabi/7.3.1/../../../../arm-none-eabi/lib/thumb/v7e-m/fpv4-sp/hard\libstdc++_nano.a
LOAD c:/st/stm32cubeide_1.3.0/stm32cubeide/plugins/com.st.stm32cube.ide.mcu.externaltools.gnu-tools-for-stm32.7-2018-q2-update.win32_1.4.0.202007081208/tools/bin/../lib/gcc/arm-none-eabi/7.3.1/../../../../arm-none-eabi/lib/thumb/v7e-m/fpv4-sp/hard\libsupc++_nano.a
END GROUP
LOAD c:/st/stm32cubeide_1.3.0/stm32cubeide/plugins/com.st.stm32cube.ide.mcu.externaltools.gnu-tools-for-stm32.7-2018-q2-update.win32_1.4.0.202007081208/tools/bin/../lib/gcc/arm-none-eabi/7.3.1/../../../../arm-none-eabi/lib/thumb/v7e-m/fpv4-sp/hard\libstdc++_nano.a
LOAD c:/st/stm32cubeide_1.3.0/stm32cubeide/plugins/com.st.stm32cube.ide.mcu.externaltools.gnu-tools-for-stm32.7-2018-q2-update.win32_1.4.0.202007081208/tools/bin/../lib/gcc/arm-none-eabi/7.3.1/../../../../arm-none-eabi/lib/thumb/v7e-m/fpv4-sp/hard\libm.a
LOAD c:/st/stm32cubeide_1.3.0/stm32cubeide/plugins/com.st.stm32cube.ide.mcu.externaltools.gnu-tools-for-stm32.7-2018-q2-update.win32_1.4.0.202007081208/tools/bin/../lib/gcc/arm-none-eabi/7.3.1/../../../../arm-none-eabi/lib/thumb/v7e-m/fpv4-sp/hard\libc_nano.a
START GROUP
LOAD c:/st/stm32cubeide_1.3.0/stm32cubeide/plugins/com.st.stm32cube.ide.mcu.externaltools.gnu-tools-for-stm32.7-2018-q2-update.win32_1.4.0.202007081208/tools/bin/../lib/gcc/arm-none-eabi/7.3.1/thumb/v7e-m/fpv4-sp/hard\libgcc.a
LOAD c:/st/stm32cubeide_1.3.0/stm32cubeide/plugins/com.st.stm32cube.ide.mcu.externaltools.gnu-tools-for-stm32.7-2018-q2-update.win32_1.4.0.202007081208/tools/bin/../lib/gcc/arm-none-eabi/7.3.1/../../../../arm-none-eabi/lib/thumb/v7e-m/fpv4-sp/hard\libc_nano.a
END GROUP
START GROUP
LOAD c:/st/stm32cubeide_1.3.0/stm32cubeide/plugins/com.st.stm32cube.ide.mcu.externaltools.gnu-tools-for-stm32.7-2018-q2-update.win32_1.4.0.202007081208/tools/bin/../lib/gcc/arm-none-eabi/7.3.1/thumb/v7e-m/fpv4-sp/hard\libgcc.a
LOAD c:/st/stm32cubeide_1.3.0/stm32cubeide/plugins/com.st.stm32cube.ide.mcu.externaltools.gnu-tools-for-stm32.7-2018-q2-update.win32_1.4.0.202007081208/tools/bin/../lib/gcc/arm-none-eabi/7.3.1/../../../../arm-none-eabi/lib/thumb/v7e-m/fpv4-sp/hard\libc_nano.a
END GROUP
LOAD c:/st/stm32cubeide_1.3.0/stm32cubeide/plugins/com.st.stm32cube.ide.mcu.externaltools.gnu-tools-for-stm32.7-2018-q2-update.win32_1.4.0.202007081208/tools/bin/../lib/gcc/arm-none-eabi/7.3.1/thumb/v7e-m/fpv4-sp/hard/crtend.o
LOAD c:/st/stm32cubeide_1.3.0/stm32cubeide/plugins/com.st.stm32cube.ide.mcu.externaltools.gnu-tools-for-stm32.7-2018-q2-update.win32_1.4.0.202007081208/tools/bin/../lib/gcc/arm-none-eabi/7.3.1/thumb/v7e-m/fpv4-sp/hard/crtn.o
                0x0000000020020000                _estack = (ORIGIN (RAM) + LENGTH (RAM))
                0x0000000000000200                _Min_Heap_Size = 0x200
                0x0000000000000400                _Min_Stack_Size = 0x400

.isr_vector     0x0000000008000000      0x188
                0x0000000008000000                . = ALIGN (0x4)
 *(.isr_vector)
 .isr_vector    0x0000000008000000      0x188 Core/Startup/startup_stm32f407vgtx.o
                0x0000000008000000                g_pfnVectors
                0x0000000008000188                . = ALIGN (0x4)

.text           0x0000000008000190     0xc198
                0x0000000008000190                . = ALIGN (0x4)
 *(.text)
 .text          0x0000000008000190       0x40 c:/st/stm32cubeide_1.3.0/stm32cubeide/plugins/com.st.stm32cube.ide.mcu.externaltools.gnu-tools-for-stm32.7-2018-q2-update.win32_1.4.0.202007081208/tools/bin/../lib/gcc/arm-none-eabi/7.3.1/thumb/v7e-m/fpv4-sp/hard/crtbegin.o
 .text          0x00000000080001d0       0xa0 c:/st/stm32cubeide_1.3.0/stm32cubeide/plugins/com.st.stm32cube.ide.mcu.externaltools.gnu-tools-for-stm32.7-2018-q2-update.win32_1.4.0.202007081208/tools/bin/../lib/gcc/arm-none-eabi/7.3.1/../../../../arm-none-eabi/lib/thumb/v7e-m/fpv4-sp/hard\libc_nano.a(lib_a-memchr.o)
                0x00000000080001d0                memchr
 .text          0x0000000008000270       0x10 c:/st/stm32cubeide_1.3.0/stm32cubeide/plugins/com.st.stm32cube.ide.mcu.externaltools.gnu-tools-for-stm32.7-2018-q2-update.win32_1.4.0.202007081208/tools/bin/../lib/gcc/arm-none-eabi/7.3.1/../../../../arm-none-eabi/lib/thumb/v7e-m/fpv4-sp/hard\libc_nano.a(lib_a-strlen.o)
                0x0000000008000270                strlen
 .text          0x0000000008000280       0x30 c:/st/stm32cubeide_1.3.0/stm32cubeide/plugins/com.st.stm32cube.ide.mcu.externaltools.gnu-tools-for-stm32.7-2018-q2-update.win32_1.4.0.202007081208/tools/bin/../lib/gcc/arm-none-eabi/7.3.1/thumb/v7e-m/fpv4-sp/hard\libgcc.a(_aeabi_uldivmod.o)
                0x0000000008000280                __aeabi_uldivmod
 .text          0x00000000080002b0      0x2cc c:/st/stm32cubeide_1.3.0/stm32cubeide/plugins/com.st.stm32cube.ide.mcu.externaltools.gnu-tools-for-stm32.7-2018-q2-update.win32_1.4.0.202007081208/tools/bin/../lib/gcc/arm-none-eabi/7.3.1/thumb/v7e-m/fpv4-sp/hard\libgcc.a(_udivmoddi4.o)
                0x00000000080002b0                __udivmoddi4
 .text          0x000000000800057c        0x4 c:/st/stm32cubeide_1.3.0/stm32cubeide/plugins/com.st.stm32cube.ide.mcu.externaltools.gnu-tools-for-stm32.7-2018-q2-update.win32_1.4.0.202007081208/tools/bin/../lib/gcc/arm-none-eabi/7.3.1/thumb/v7e-m/fpv4-sp/hard\libgcc.a(_dvmd_tls.o)
                0x000000000800057c                __aeabi_idiv0
                0x000000000800057c                __aeabi_ldiv0
 *(.text*)
 .text.main     0x0000000008000580       0xb8 Core/Src/main.o
                0x0000000008000580                main
 .text._Z18SystemClock_Configv
                0x0000000008000638      0x12c Core/Src/main.o
                0x0000000008000638                SystemClock_Config()
 .text._ZL12MX_ADC1_Initv
                0x0000000008000764       0xb8 Core/Src/main.o
 .text._ZL12MX_I2C1_Initv
                0x000000000800081c       0x68 Core/Src/main.o
 .text._ZL12MX_I2S3_Initv
                0x0000000008000884       0x68 Core/Src/main.o
 .text._ZL11MX_RTC_Initv
                0x00000000080008ec      0x140 Core/Src/main.o
 .text._ZL12MX_SPI1_Initv
                0x0000000008000a2c       0x78 Core/Src/main.o
 .text._ZL12MX_TIM1_Initv
                0x0000000008000aa4      0x224 Core/Src/main.o
 .text._ZL12MX_TIM2_Initv
                0x0000000008000cc8       0xbc Core/Src/main.o
 .text._ZL12MX_TIM3_Initv
                0x0000000008000d84      0x1a0 Core/Src/main.o
 .text._ZL13MX_TIM10_Initv
                0x0000000008000f24       0x50 Core/Src/main.o
 .text._ZL19MX_USART1_UART_Initv
                0x0000000008000f74       0x5c Core/Src/main.o
 .text._ZL19MX_USART2_UART_Initv
                0x0000000008000fd0       0x5c Core/Src/main.o
 .text._ZL11MX_DMA_Initv
                0x000000000800102c       0x7c Core/Src/main.o
 .text._ZL12MX_GPIO_Initv
                0x00000000080010a8      0x23c Core/Src/main.o
 .text.HAL_GPIO_EXTI_Callback
                0x00000000080012e4       0x20 Core/Src/main.o
                0x00000000080012e4                HAL_GPIO_EXTI_Callback
 .text.Error_Handler
                0x0000000008001304        0xe Core/Src/main.o
                0x0000000008001304                Error_Handler
 *fill*         0x0000000008001312        0x2 
 .text.HAL_MspInit
                0x0000000008001314       0x50 Core/Src/stm32f4xx_hal_msp.o
                0x0000000008001314                HAL_MspInit
 .text.HAL_ADC_MspInit
                0x0000000008001364       0xec Core/Src/stm32f4xx_hal_msp.o
                0x0000000008001364                HAL_ADC_MspInit
 .text.HAL_I2C_MspInit
                0x0000000008001450       0xa0 Core/Src/stm32f4xx_hal_msp.o
                0x0000000008001450                HAL_I2C_MspInit
 .text.HAL_I2S_MspInit
                0x00000000080014f0       0xd0 Core/Src/stm32f4xx_hal_msp.o
                0x00000000080014f0                HAL_I2S_MspInit
 .text.HAL_RTC_MspInit
                0x00000000080015c0       0x38 Core/Src/stm32f4xx_hal_msp.o
                0x00000000080015c0                HAL_RTC_MspInit
 .text.HAL_SPI_MspInit
                0x00000000080015f8       0xa0 Core/Src/stm32f4xx_hal_msp.o
                0x00000000080015f8                HAL_SPI_MspInit
 .text.HAL_TIM_Base_MspInit
                0x0000000008001698      0x150 Core/Src/stm32f4xx_hal_msp.o
                0x0000000008001698                HAL_TIM_Base_MspInit
 .text.HAL_TIM_MspPostInit
                0x00000000080017e8      0x104 Core/Src/stm32f4xx_hal_msp.o
                0x00000000080017e8                HAL_TIM_MspPostInit
 .text.HAL_UART_MspInit
                0x00000000080018ec      0x1d4 Core/Src/stm32f4xx_hal_msp.o
                0x00000000080018ec                HAL_UART_MspInit
 .text.NMI_Handler
                0x0000000008001ac0        0xc Core/Src/stm32f4xx_it.o
                0x0000000008001ac0                NMI_Handler
 .text.HardFault_Handler
                0x0000000008001acc        0x6 Core/Src/stm32f4xx_it.o
                0x0000000008001acc                HardFault_Handler
 .text.MemManage_Handler
                0x0000000008001ad2        0x6 Core/Src/stm32f4xx_it.o
                0x0000000008001ad2                MemManage_Handler
 .text.BusFault_Handler
                0x0000000008001ad8        0x6 Core/Src/stm32f4xx_it.o
                0x0000000008001ad8                BusFault_Handler
 .text.UsageFault_Handler
                0x0000000008001ade        0x6 Core/Src/stm32f4xx_it.o
                0x0000000008001ade                UsageFault_Handler
 .text.SVC_Handler
                0x0000000008001ae4        0xe Core/Src/stm32f4xx_it.o
                0x0000000008001ae4                SVC_Handler
 .text.DebugMon_Handler
                0x0000000008001af2        0xe Core/Src/stm32f4xx_it.o
                0x0000000008001af2                DebugMon_Handler
 .text.PendSV_Handler
                0x0000000008001b00        0xe Core/Src/stm32f4xx_it.o
                0x0000000008001b00                PendSV_Handler
 .text.SysTick_Handler
                0x0000000008001b0e        0xc Core/Src/stm32f4xx_it.o
                0x0000000008001b0e                SysTick_Handler
 .text.EXTI0_IRQHandler
                0x0000000008001b1a        0xe Core/Src/stm32f4xx_it.o
                0x0000000008001b1a                EXTI0_IRQHandler
 .text.DMA1_Stream5_IRQHandler
                0x0000000008001b28       0x14 Core/Src/stm32f4xx_it.o
                0x0000000008001b28                DMA1_Stream5_IRQHandler
 .text.DMA1_Stream6_IRQHandler
                0x0000000008001b3c       0x14 Core/Src/stm32f4xx_it.o
                0x0000000008001b3c                DMA1_Stream6_IRQHandler
 .text.TIM1_BRK_TIM9_IRQHandler
                0x0000000008001b50       0x14 Core/Src/stm32f4xx_it.o
                0x0000000008001b50                TIM1_BRK_TIM9_IRQHandler
 .text.TIM1_UP_TIM10_IRQHandler
                0x0000000008001b64       0x64 Core/Src/stm32f4xx_it.o
                0x0000000008001b64                TIM1_UP_TIM10_IRQHandler
 .text.TIM3_IRQHandler
                0x0000000008001bc8       0x2c Core/Src/stm32f4xx_it.o
                0x0000000008001bc8                TIM3_IRQHandler
 .text.I2C1_EV_IRQHandler
                0x0000000008001bf4       0x14 Core/Src/stm32f4xx_it.o
                0x0000000008001bf4                I2C1_EV_IRQHandler
 .text.SPI1_IRQHandler
                0x0000000008001c08       0x14 Core/Src/stm32f4xx_it.o
                0x0000000008001c08                SPI1_IRQHandler
 .text.USART2_IRQHandler
                0x0000000008001c1c       0x14 Core/Src/stm32f4xx_it.o
                0x0000000008001c1c                USART2_IRQHandler
 .text.RTC_Alarm_IRQHandler
                0x0000000008001c30       0x14 Core/Src/stm32f4xx_it.o
                0x0000000008001c30                RTC_Alarm_IRQHandler
 .text.DMA2_Stream0_IRQHandler
                0x0000000008001c44       0x14 Core/Src/stm32f4xx_it.o
                0x0000000008001c44                DMA2_Stream0_IRQHandler
 .text._getpid  0x0000000008001c58       0x10 Core/Src/syscalls.o
                0x0000000008001c58                _getpid
 .text._kill    0x0000000008001c68       0x20 Core/Src/syscalls.o
                0x0000000008001c68                _kill
 .text._exit    0x0000000008001c88       0x14 Core/Src/syscalls.o
                0x0000000008001c88                _exit
 .text._sbrk    0x0000000008001c9c       0x58 Core/Src/sysmem.o
                0x0000000008001c9c                _sbrk
 .text.SystemInit
                0x0000000008001cf4       0x2c Core/Src/system_stm32f4xx.o
                0x0000000008001cf4                SystemInit
 .text.Reset_Handler
                0x0000000008001d20       0x50 Core/Startup/startup_stm32f407vgtx.o
                0x0000000008001d20                Reset_Handler
 .text.Default_Handler
                0x0000000008001d70        0x2 Core/Startup/startup_stm32f407vgtx.o
                0x0000000008001d70                HASH_RNG_IRQHandler
                0x0000000008001d70                EXTI2_IRQHandler
                0x0000000008001d70                TIM8_CC_IRQHandler
                0x0000000008001d70                TIM1_CC_IRQHandler
                0x0000000008001d70                DMA2_Stream5_IRQHandler
                0x0000000008001d70                PVD_IRQHandler
                0x0000000008001d70                SDIO_IRQHandler
                0x0000000008001d70                TAMP_STAMP_IRQHandler
                0x0000000008001d70                CAN2_RX1_IRQHandler
                0x0000000008001d70                EXTI3_IRQHandler
                0x0000000008001d70                TIM8_TRG_COM_TIM14_IRQHandler
                0x0000000008001d70                TIM8_UP_TIM13_IRQHandler
                0x0000000008001d70                I2C3_ER_IRQHandler
                0x0000000008001d70                I2C2_EV_IRQHandler
                0x0000000008001d70                DMA1_Stream2_IRQHandler
                0x0000000008001d70                CAN1_RX0_IRQHandler
                0x0000000008001d70                FPU_IRQHandler
                0x0000000008001d70                OTG_HS_WKUP_IRQHandler
                0x0000000008001d70                CAN2_SCE_IRQHandler
                0x0000000008001d70                DMA2_Stream2_IRQHandler
                0x0000000008001d70                TIM6_DAC_IRQHandler
                0x0000000008001d70                DCMI_IRQHandler
                0x0000000008001d70                CAN2_RX0_IRQHandler
                0x0000000008001d70                DMA2_Stream3_IRQHandler
                0x0000000008001d70                USART6_IRQHandler
                0x0000000008001d70                USART3_IRQHandler
                0x0000000008001d70                CAN1_RX1_IRQHandler
                0x0000000008001d70                UART5_IRQHandler
                0x0000000008001d70                TIM4_IRQHandler
                0x0000000008001d70                DMA1_Stream1_IRQHandler
                0x0000000008001d70                UART4_IRQHandler
                0x0000000008001d70                RCC_IRQHandler
                0x0000000008001d70                TIM8_BRK_TIM12_IRQHandler
                0x0000000008001d70                Default_Handler
                0x0000000008001d70                EXTI15_10_IRQHandler
                0x0000000008001d70                ADC_IRQHandler
                0x0000000008001d70                DMA1_Stream7_IRQHandler
                0x0000000008001d70                TIM7_IRQHandler
                0x0000000008001d70                CAN2_TX_IRQHandler
                0x0000000008001d70                TIM5_IRQHandler
                0x0000000008001d70                DMA2_Stream7_IRQHandler
                0x0000000008001d70                I2C3_EV_IRQHandler
                0x0000000008001d70                EXTI9_5_IRQHandler
                0x0000000008001d70                RTC_WKUP_IRQHandler
                0x0000000008001d70                ETH_WKUP_IRQHandler
                0x0000000008001d70                SPI2_IRQHandler
                0x0000000008001d70                OTG_HS_EP1_IN_IRQHandler
                0x0000000008001d70                DMA1_Stream0_IRQHandler
                0x0000000008001d70                CAN1_TX_IRQHandler
                0x0000000008001d70                EXTI4_IRQHandler
                0x0000000008001d70                FSMC_IRQHandler
                0x0000000008001d70                ETH_IRQHandler
                0x0000000008001d70                OTG_HS_EP1_OUT_IRQHandler
                0x0000000008001d70                WWDG_IRQHandler
                0x0000000008001d70                TIM2_IRQHandler
                0x0000000008001d70                OTG_FS_WKUP_IRQHandler
                0x0000000008001d70                TIM1_TRG_COM_TIM11_IRQHandler
                0x0000000008001d70                OTG_HS_IRQHandler
                0x0000000008001d70                EXTI1_IRQHandler
                0x0000000008001d70                I2C2_ER_IRQHandler
                0x0000000008001d70                DMA2_Stream1_IRQHandler
                0x0000000008001d70                CAN1_SCE_IRQHandler
                0x0000000008001d70                FLASH_IRQHandler
                0x0000000008001d70                DMA2_Stream4_IRQHandler
                0x0000000008001d70                USART1_IRQHandler
                0x0000000008001d70                OTG_FS_IRQHandler
                0x0000000008001d70                SPI3_IRQHandler
                0x0000000008001d70                DMA1_Stream4_IRQHandler
                0x0000000008001d70                I2C1_ER_IRQHandler
                0x0000000008001d70                DMA2_Stream6_IRQHandler
                0x0000000008001d70                DMA1_Stream3_IRQHandler
 *fill*         0x0000000008001d72        0x2 
 .text.HAL_Init
                0x0000000008001d74       0x44 Drivers/STM32F4xx_HAL_Driver/Src/stm32f4xx_hal.o
                0x0000000008001d74                HAL_Init
 .text.HAL_InitTick
                0x0000000008001db8       0x60 Drivers/STM32F4xx_HAL_Driver/Src/stm32f4xx_hal.o
                0x0000000008001db8                HAL_InitTick
 .text.HAL_IncTick
                0x0000000008001e18       0x28 Drivers/STM32F4xx_HAL_Driver/Src/stm32f4xx_hal.o
                0x0000000008001e18                HAL_IncTick
 .text.HAL_GetTick
                0x0000000008001e40       0x18 Drivers/STM32F4xx_HAL_Driver/Src/stm32f4xx_hal.o
                0x0000000008001e40                HAL_GetTick
 .text.HAL_Delay
                0x0000000008001e58       0x44 Drivers/STM32F4xx_HAL_Driver/Src/stm32f4xx_hal.o
                0x0000000008001e58                HAL_Delay
 .text.HAL_ADC_Init
                0x0000000008001e9c       0x86 Drivers/STM32F4xx_HAL_Driver/Src/stm32f4xx_hal_adc.o
                0x0000000008001e9c                HAL_ADC_Init
 *fill*         0x0000000008001f22        0x2 
 .text.HAL_ADC_ConfigChannel
                0x0000000008001f24      0x244 Drivers/STM32F4xx_HAL_Driver/Src/stm32f4xx_hal_adc.o
                0x0000000008001f24                HAL_ADC_ConfigChannel
 .text.ADC_Init
                0x0000000008002168      0x1f8 Drivers/STM32F4xx_HAL_Driver/Src/stm32f4xx_hal_adc.o
 .text.__NVIC_SetPriorityGrouping
                0x0000000008002360       0x48 Drivers/STM32F4xx_HAL_Driver/Src/stm32f4xx_hal_cortex.o
 .text.__NVIC_GetPriorityGrouping
                0x00000000080023a8       0x1c Drivers/STM32F4xx_HAL_Driver/Src/stm32f4xx_hal_cortex.o
 .text.__NVIC_EnableIRQ
                0x00000000080023c4       0x3c Drivers/STM32F4xx_HAL_Driver/Src/stm32f4xx_hal_cortex.o
 .text.__NVIC_SetPriority
                0x0000000008002400       0x54 Drivers/STM32F4xx_HAL_Driver/Src/stm32f4xx_hal_cortex.o
 .text.NVIC_EncodePriority
                0x0000000008002454       0x66 Drivers/STM32F4xx_HAL_Driver/Src/stm32f4xx_hal_cortex.o
 *fill*         0x00000000080024ba        0x2 
 .text.SysTick_Config
                0x00000000080024bc       0x44 Drivers/STM32F4xx_HAL_Driver/Src/stm32f4xx_hal_cortex.o
 .text.HAL_NVIC_SetPriorityGrouping
                0x0000000008002500       0x16 Drivers/STM32F4xx_HAL_Driver/Src/stm32f4xx_hal_cortex.o
                0x0000000008002500                HAL_NVIC_SetPriorityGrouping
 .text.HAL_NVIC_SetPriority
                0x0000000008002516       0x38 Drivers/STM32F4xx_HAL_Driver/Src/stm32f4xx_hal_cortex.o
                0x0000000008002516                HAL_NVIC_SetPriority
 .text.HAL_NVIC_EnableIRQ
                0x000000000800254e       0x1c Drivers/STM32F4xx_HAL_Driver/Src/stm32f4xx_hal_cortex.o
                0x000000000800254e                HAL_NVIC_EnableIRQ
 .text.HAL_SYSTICK_Config
                0x000000000800256a       0x18 Drivers/STM32F4xx_HAL_Driver/Src/stm32f4xx_hal_cortex.o
                0x000000000800256a                HAL_SYSTICK_Config
 *fill*         0x0000000008002582        0x2 
 .text.HAL_DMA_Init
                0x0000000008002584      0x15c Drivers/STM32F4xx_HAL_Driver/Src/stm32f4xx_hal_dma.o
                0x0000000008002584                HAL_DMA_Init
 .text.HAL_DMA_Abort_IT
                0x00000000080026e0       0x44 Drivers/STM32F4xx_HAL_Driver/Src/stm32f4xx_hal_dma.o
                0x00000000080026e0                HAL_DMA_Abort_IT
 .text.HAL_DMA_IRQHandler
                0x0000000008002724      0x314 Drivers/STM32F4xx_HAL_Driver/Src/stm32f4xx_hal_dma.o
                0x0000000008002724                HAL_DMA_IRQHandler
 .text.HAL_DMA_GetState
                0x0000000008002a38       0x1c Drivers/STM32F4xx_HAL_Driver/Src/stm32f4xx_hal_dma.o
                0x0000000008002a38                HAL_DMA_GetState
 .text.DMA_CalcBaseAndBitshift
                0x0000000008002a54       0x6c Drivers/STM32F4xx_HAL_Driver/Src/stm32f4xx_hal_dma.o
 .text.DMA_CheckFifoParam
                0x0000000008002ac0       0xf4 Drivers/STM32F4xx_HAL_Driver/Src/stm32f4xx_hal_dma.o
 .text.HAL_GPIO_Init
                0x0000000008002bb4      0x334 Drivers/STM32F4xx_HAL_Driver/Src/stm32f4xx_hal_gpio.o
                0x0000000008002bb4                HAL_GPIO_Init
 .text.HAL_GPIO_ReadPin
                0x0000000008002ee8       0x30 Drivers/STM32F4xx_HAL_Driver/Src/stm32f4xx_hal_gpio.o
                0x0000000008002ee8                HAL_GPIO_ReadPin
 .text.HAL_GPIO_WritePin
                0x0000000008002f18       0x32 Drivers/STM32F4xx_HAL_Driver/Src/stm32f4xx_hal_gpio.o
                0x0000000008002f18                HAL_GPIO_WritePin
 .text.HAL_GPIO_TogglePin
                0x0000000008002f4a       0x36 Drivers/STM32F4xx_HAL_Driver/Src/stm32f4xx_hal_gpio.o
                0x0000000008002f4a                HAL_GPIO_TogglePin
 .text.HAL_GPIO_EXTI_IRQHandler
                0x0000000008002f80       0x30 Drivers/STM32F4xx_HAL_Driver/Src/stm32f4xx_hal_gpio.o
                0x0000000008002f80                HAL_GPIO_EXTI_IRQHandler
 .text.HAL_I2C_Init
                0x0000000008002fb0      0x270 Drivers/STM32F4xx_HAL_Driver/Src/stm32f4xx_hal_i2c.o
                0x0000000008002fb0                HAL_I2C_Init
 .text.HAL_I2C_Master_Transmit
                0x0000000008003220      0x1fc Drivers/STM32F4xx_HAL_Driver/Src/stm32f4xx_hal_i2c.o
                0x0000000008003220                HAL_I2C_Master_Transmit
 .text.HAL_I2C_EV_IRQHandler
                0x000000000800341c      0x2cc Drivers/STM32F4xx_HAL_Driver/Src/stm32f4xx_hal_i2c.o
                0x000000000800341c                HAL_I2C_EV_IRQHandler
 .text.HAL_I2C_MasterTxCpltCallback
                0x00000000080036e8       0x14 Drivers/STM32F4xx_HAL_Driver/Src/stm32f4xx_hal_i2c.o
                0x00000000080036e8                HAL_I2C_MasterTxCpltCallback
 .text.HAL_I2C_MasterRxCpltCallback
                0x00000000080036fc       0x14 Drivers/STM32F4xx_HAL_Driver/Src/stm32f4xx_hal_i2c.o
                0x00000000080036fc                HAL_I2C_MasterRxCpltCallback
 .text.HAL_I2C_SlaveTxCpltCallback
                0x0000000008003710       0x14 Drivers/STM32F4xx_HAL_Driver/Src/stm32f4xx_hal_i2c.o
                0x0000000008003710                HAL_I2C_SlaveTxCpltCallback
 .text.HAL_I2C_SlaveRxCpltCallback
                0x0000000008003724       0x14 Drivers/STM32F4xx_HAL_Driver/Src/stm32f4xx_hal_i2c.o
                0x0000000008003724                HAL_I2C_SlaveRxCpltCallback
 .text.HAL_I2C_AddrCallback
                0x0000000008003738       0x1c Drivers/STM32F4xx_HAL_Driver/Src/stm32f4xx_hal_i2c.o
                0x0000000008003738                HAL_I2C_AddrCallback
 .text.HAL_I2C_ListenCpltCallback
                0x0000000008003754       0x14 Drivers/STM32F4xx_HAL_Driver/Src/stm32f4xx_hal_i2c.o
                0x0000000008003754                HAL_I2C_ListenCpltCallback
 .text.HAL_I2C_MemTxCpltCallback
                0x0000000008003768       0x14 Drivers/STM32F4xx_HAL_Driver/Src/stm32f4xx_hal_i2c.o
                0x0000000008003768                HAL_I2C_MemTxCpltCallback
 .text.HAL_I2C_MemRxCpltCallback
                0x000000000800377c       0x14 Drivers/STM32F4xx_HAL_Driver/Src/stm32f4xx_hal_i2c.o
                0x000000000800377c                HAL_I2C_MemRxCpltCallback
 .text.HAL_I2C_ErrorCallback
                0x0000000008003790       0x14 Drivers/STM32F4xx_HAL_Driver/Src/stm32f4xx_hal_i2c.o
                0x0000000008003790                HAL_I2C_ErrorCallback
 .text.HAL_I2C_AbortCpltCallback
                0x00000000080037a4       0x14 Drivers/STM32F4xx_HAL_Driver/Src/stm32f4xx_hal_i2c.o
                0x00000000080037a4                HAL_I2C_AbortCpltCallback
 .text.I2C_MasterTransmit_TXE
                0x00000000080037b8      0x138 Drivers/STM32F4xx_HAL_Driver/Src/stm32f4xx_hal_i2c.o
 .text.I2C_MasterTransmit_BTF
                0x00000000080038f0      0x100 Drivers/STM32F4xx_HAL_Driver/Src/stm32f4xx_hal_i2c.o
 .text.I2C_MemoryTransmit_TXE_BTF
                0x00000000080039f0       0xce Drivers/STM32F4xx_HAL_Driver/Src/stm32f4xx_hal_i2c.o
 .text.I2C_MasterReceive_RXNE
                0x0000000008003abe      0x104 Drivers/STM32F4xx_HAL_Driver/Src/stm32f4xx_hal_i2c.o
 .text.I2C_MasterReceive_BTF
                0x0000000008003bc2      0x1d4 Drivers/STM32F4xx_HAL_Driver/Src/stm32f4xx_hal_i2c.o
 .text.I2C_Master_SB
                0x0000000008003d96      0x10c Drivers/STM32F4xx_HAL_Driver/Src/stm32f4xx_hal_i2c.o
 .text.I2C_Master_ADD10
                0x0000000008003ea2       0x54 Drivers/STM32F4xx_HAL_Driver/Src/stm32f4xx_hal_i2c.o
 .text.I2C_Master_ADDR
                0x0000000008003ef6      0x322 Drivers/STM32F4xx_HAL_Driver/Src/stm32f4xx_hal_i2c.o
 .text.I2C_SlaveTransmit_TXE
                0x0000000008004218       0x7a Drivers/STM32F4xx_HAL_Driver/Src/stm32f4xx_hal_i2c.o
 .text.I2C_SlaveTransmit_BTF
                0x0000000008004292       0x42 Drivers/STM32F4xx_HAL_Driver/Src/stm32f4xx_hal_i2c.o
 .text.I2C_SlaveReceive_RXNE
                0x00000000080042d4       0x7c Drivers/STM32F4xx_HAL_Driver/Src/stm32f4xx_hal_i2c.o
 .text.I2C_SlaveReceive_BTF
                0x0000000008004350       0x44 Drivers/STM32F4xx_HAL_Driver/Src/stm32f4xx_hal_i2c.o
 .text.I2C_Slave_ADDR
                0x0000000008004394       0x88 Drivers/STM32F4xx_HAL_Driver/Src/stm32f4xx_hal_i2c.o
 .text.I2C_Slave_STOPF
                0x000000000800441c      0x260 Drivers/STM32F4xx_HAL_Driver/Src/stm32f4xx_hal_i2c.o
 .text.I2C_ITError
                0x000000000800467c      0x25c Drivers/STM32F4xx_HAL_Driver/Src/stm32f4xx_hal_i2c.o
 .text.I2C_MasterRequestWrite
                0x00000000080048d8      0x104 Drivers/STM32F4xx_HAL_Driver/Src/stm32f4xx_hal_i2c.o
 .text.I2C_DMAAbort
                0x00000000080049dc       0xfe Drivers/STM32F4xx_HAL_Driver/Src/stm32f4xx_hal_i2c.o
 .text.I2C_WaitOnFlagUntilTimeout
                0x0000000008004ada       0xae Drivers/STM32F4xx_HAL_Driver/Src/stm32f4xx_hal_i2c.o
 .text.I2C_WaitOnMasterAddressFlagUntilTimeout
                0x0000000008004b88       0xfe Drivers/STM32F4xx_HAL_Driver/Src/stm32f4xx_hal_i2c.o
 .text.I2C_WaitOnTXEFlagUntilTimeout
                0x0000000008004c86       0x82 Drivers/STM32F4xx_HAL_Driver/Src/stm32f4xx_hal_i2c.o
 .text.I2C_WaitOnBTFFlagUntilTimeout
                0x0000000008004d08       0x82 Drivers/STM32F4xx_HAL_Driver/Src/stm32f4xx_hal_i2c.o
 .text.I2C_IsAcknowledgeFailed
                0x0000000008004d8a       0x5e Drivers/STM32F4xx_HAL_Driver/Src/stm32f4xx_hal_i2c.o
 .text.I2C_ConvertOtherXferOptions
                0x0000000008004de8       0x36 Drivers/STM32F4xx_HAL_Driver/Src/stm32f4xx_hal_i2c.o
 *fill*         0x0000000008004e1e        0x2 
 .text.HAL_I2S_Init
                0x0000000008004e20      0x280 Drivers/STM32F4xx_HAL_Driver/Src/stm32f4xx_hal_i2s.o
                0x0000000008004e20                HAL_I2S_Init
 .text.HAL_I2S_TxCpltCallback
                0x00000000080050a0       0x14 Drivers/STM32F4xx_HAL_Driver/Src/stm32f4xx_hal_i2s.o
                0x00000000080050a0                HAL_I2S_TxCpltCallback
 .text.HAL_I2S_RxCpltCallback
                0x00000000080050b4       0x14 Drivers/STM32F4xx_HAL_Driver/Src/stm32f4xx_hal_i2s.o
                0x00000000080050b4                HAL_I2S_RxCpltCallback
 .text.HAL_I2S_ErrorCallback
                0x00000000080050c8       0x14 Drivers/STM32F4xx_HAL_Driver/Src/stm32f4xx_hal_i2s.o
                0x00000000080050c8                HAL_I2S_ErrorCallback
 .text.I2S_Transmit_IT
                0x00000000080050dc       0x5c Drivers/STM32F4xx_HAL_Driver/Src/stm32f4xx_hal_i2s.o
 .text.I2S_Receive_IT
                0x0000000008005138       0x5e Drivers/STM32F4xx_HAL_Driver/Src/stm32f4xx_hal_i2s.o
 .text.I2S_IRQHandler
                0x0000000008005196      0x114 Drivers/STM32F4xx_HAL_Driver/Src/stm32f4xx_hal_i2s.o
 *fill*         0x00000000080052aa        0x2 
 .text.HAL_I2SEx_FullDuplex_IRQHandler
                0x00000000080052ac      0x2a8 Drivers/STM32F4xx_HAL_Driver/Src/stm32f4xx_hal_i2s_ex.o
                0x00000000080052ac                HAL_I2SEx_FullDuplex_IRQHandler
 .text.HAL_I2SEx_TxRxCpltCallback
                0x0000000008005554       0x14 Drivers/STM32F4xx_HAL_Driver/Src/stm32f4xx_hal_i2s_ex.o
                0x0000000008005554                HAL_I2SEx_TxRxCpltCallback
 .text.I2SEx_TxISR_I2S
                0x0000000008005568       0x62 Drivers/STM32F4xx_HAL_Driver/Src/stm32f4xx_hal_i2s_ex.o
 *fill*         0x00000000080055ca        0x2 
 .text.I2SEx_TxISR_I2SExt
                0x00000000080055cc       0x98 Drivers/STM32F4xx_HAL_Driver/Src/stm32f4xx_hal_i2s_ex.o
 .text.I2SEx_RxISR_I2S
                0x0000000008005664       0x64 Drivers/STM32F4xx_HAL_Driver/Src/stm32f4xx_hal_i2s_ex.o
 .text.I2SEx_RxISR_I2SExt
                0x00000000080056c8       0x98 Drivers/STM32F4xx_HAL_Driver/Src/stm32f4xx_hal_i2s_ex.o
 .text.HAL_RCC_OscConfig
                0x0000000008005760      0x4e0 Drivers/STM32F4xx_HAL_Driver/Src/stm32f4xx_hal_rcc.o
                0x0000000008005760                HAL_RCC_OscConfig
 .text.HAL_RCC_ClockConfig
                0x0000000008005c40      0x1cc Drivers/STM32F4xx_HAL_Driver/Src/stm32f4xx_hal_rcc.o
                0x0000000008005c40                HAL_RCC_ClockConfig
 .text.HAL_RCC_EnableCSS
                0x0000000008005e0c       0x18 Drivers/STM32F4xx_HAL_Driver/Src/stm32f4xx_hal_rcc.o
                0x0000000008005e0c                HAL_RCC_EnableCSS
 .text.HAL_RCC_GetSysClockFreq
                0x0000000008005e24      0x1b0 Drivers/STM32F4xx_HAL_Driver/Src/stm32f4xx_hal_rcc.o
                0x0000000008005e24                HAL_RCC_GetSysClockFreq
 .text.HAL_RCC_GetHCLKFreq
                0x0000000008005fd4       0x18 Drivers/STM32F4xx_HAL_Driver/Src/stm32f4xx_hal_rcc.o
                0x0000000008005fd4                HAL_RCC_GetHCLKFreq
 .text.HAL_RCC_GetPCLK1Freq
                0x0000000008005fec       0x28 Drivers/STM32F4xx_HAL_Driver/Src/stm32f4xx_hal_rcc.o
                0x0000000008005fec                HAL_RCC_GetPCLK1Freq
 .text.HAL_RCC_GetPCLK2Freq
                0x0000000008006014       0x28 Drivers/STM32F4xx_HAL_Driver/Src/stm32f4xx_hal_rcc.o
                0x0000000008006014                HAL_RCC_GetPCLK2Freq
 .text.HAL_RCC_NMI_IRQHandler
                0x000000000800603c       0x28 Drivers/STM32F4xx_HAL_Driver/Src/stm32f4xx_hal_rcc.o
                0x000000000800603c                HAL_RCC_NMI_IRQHandler
 .text.HAL_RCC_CSSCallback
                0x0000000008006064        0xe Drivers/STM32F4xx_HAL_Driver/Src/stm32f4xx_hal_rcc.o
                0x0000000008006064                HAL_RCC_CSSCallback
 *fill*         0x0000000008006072        0x2 
 .text.HAL_RCCEx_PeriphCLKConfig
                0x0000000008006074      0x1c4 Drivers/STM32F4xx_HAL_Driver/Src/stm32f4xx_hal_rcc_ex.o
                0x0000000008006074                HAL_RCCEx_PeriphCLKConfig
 .text.HAL_RCCEx_GetPeriphCLKFreq
                0x0000000008006238       0xb8 Drivers/STM32F4xx_HAL_Driver/Src/stm32f4xx_hal_rcc_ex.o
                0x0000000008006238                HAL_RCCEx_GetPeriphCLKFreq
 .text.HAL_RTC_Init
                0x00000000080062f0      0x122 Drivers/STM32F4xx_HAL_Driver/Src/stm32f4xx_hal_rtc.o
                0x00000000080062f0                HAL_RTC_Init
 .text.HAL_RTC_SetTime
                0x0000000008006412      0x17a Drivers/STM32F4xx_HAL_Driver/Src/stm32f4xx_hal_rtc.o
                0x0000000008006412                HAL_RTC_SetTime
 .text.HAL_RTC_SetDate
                0x000000000800658c      0x14e Drivers/STM32F4xx_HAL_Driver/Src/stm32f4xx_hal_rtc.o
                0x000000000800658c                HAL_RTC_SetDate
 *fill*         0x00000000080066da        0x2 
 .text.HAL_RTC_SetAlarm_IT
                0x00000000080066dc      0x270 Drivers/STM32F4xx_HAL_Driver/Src/stm32f4xx_hal_rtc.o
                0x00000000080066dc                HAL_RTC_SetAlarm_IT
 .text.HAL_RTC_AlarmIRQHandler
                0x000000000800694c       0x8c Drivers/STM32F4xx_HAL_Driver/Src/stm32f4xx_hal_rtc.o
                0x000000000800694c                HAL_RTC_AlarmIRQHandler
 .text.HAL_RTC_AlarmAEventCallback
                0x00000000080069d8       0x14 Drivers/STM32F4xx_HAL_Driver/Src/stm32f4xx_hal_rtc.o
                0x00000000080069d8                HAL_RTC_AlarmAEventCallback
 .text.HAL_RTC_WaitForSynchro
                0x00000000080069ec       0x50 Drivers/STM32F4xx_HAL_Driver/Src/stm32f4xx_hal_rtc.o
                0x00000000080069ec                HAL_RTC_WaitForSynchro
 .text.RTC_EnterInitMode
                0x0000000008006a3c       0x58 Drivers/STM32F4xx_HAL_Driver/Src/stm32f4xx_hal_rtc.o
                0x0000000008006a3c                RTC_EnterInitMode
 .text.RTC_ByteToBcd2
                0x0000000008006a94       0x3c Drivers/STM32F4xx_HAL_Driver/Src/stm32f4xx_hal_rtc.o
                0x0000000008006a94                RTC_ByteToBcd2
 .text.HAL_RTCEx_AlarmBEventCallback
                0x0000000008006ad0       0x14 Drivers/STM32F4xx_HAL_Driver/Src/stm32f4xx_hal_rtc_ex.o
                0x0000000008006ad0                HAL_RTCEx_AlarmBEventCallback
 .text.HAL_SPI_Init
                0x0000000008006ae4       0xc8 Drivers/STM32F4xx_HAL_Driver/Src/stm32f4xx_hal_spi.o
                0x0000000008006ae4                HAL_SPI_Init
 .text.HAL_SPI_Transmit
                0x0000000008006bac      0x268 Drivers/STM32F4xx_HAL_Driver/Src/stm32f4xx_hal_spi.o
                0x0000000008006bac                HAL_SPI_Transmit
 .text.HAL_SPI_Receive
                0x0000000008006e14      0x212 Drivers/STM32F4xx_HAL_Driver/Src/stm32f4xx_hal_spi.o
                0x0000000008006e14                HAL_SPI_Receive
 .text.HAL_SPI_TransmitReceive
                0x0000000008007026      0x344 Drivers/STM32F4xx_HAL_Driver/Src/stm32f4xx_hal_spi.o
                0x0000000008007026                HAL_SPI_TransmitReceive
 *fill*         0x000000000800736a        0x2 
 .text.HAL_SPI_IRQHandler
                0x000000000800736c      0x200 Drivers/STM32F4xx_HAL_Driver/Src/stm32f4xx_hal_spi.o
                0x000000000800736c                HAL_SPI_IRQHandler
 .text.HAL_SPI_ErrorCallback
                0x000000000800756c       0x14 Drivers/STM32F4xx_HAL_Driver/Src/stm32f4xx_hal_spi.o
                0x000000000800756c                HAL_SPI_ErrorCallback
 .text.SPI_DMAAbortOnError
                0x0000000008007580       0x28 Drivers/STM32F4xx_HAL_Driver/Src/stm32f4xx_hal_spi.o
 .text.SPI_WaitFlagStateUntilTimeout
                0x00000000080075a8       0xd4 Drivers/STM32F4xx_HAL_Driver/Src/stm32f4xx_hal_spi.o
 .text.SPI_EndRxTransaction
                0x000000000800767c       0xca Drivers/STM32F4xx_HAL_Driver/Src/stm32f4xx_hal_spi.o
 *fill*         0x0000000008007746        0x2 
 .text.SPI_EndRxTxTransaction
                0x0000000008007748       0x84 Drivers/STM32F4xx_HAL_Driver/Src/stm32f4xx_hal_spi.o
 .text.HAL_TIM_Base_Init
                0x00000000080077cc       0x56 Drivers/STM32F4xx_HAL_Driver/Src/stm32f4xx_hal_tim.o
                0x00000000080077cc                HAL_TIM_Base_Init
 .text.HAL_TIM_Base_Start
                0x0000000008007822       0x48 Drivers/STM32F4xx_HAL_Driver/Src/stm32f4xx_hal_tim.o
                0x0000000008007822                HAL_TIM_Base_Start
 .text.HAL_TIM_Base_Start_IT
                0x000000000800786a       0x48 Drivers/STM32F4xx_HAL_Driver/Src/stm32f4xx_hal_tim.o
                0x000000000800786a                HAL_TIM_Base_Start_IT
 .text.HAL_TIM_OC_Init
                0x00000000080078b2       0x56 Drivers/STM32F4xx_HAL_Driver/Src/stm32f4xx_hal_tim.o
                0x00000000080078b2                HAL_TIM_OC_Init
 .text.HAL_TIM_OC_MspInit
                0x0000000008007908       0x14 Drivers/STM32F4xx_HAL_Driver/Src/stm32f4xx_hal_tim.o
                0x0000000008007908                HAL_TIM_OC_MspInit
 .text.HAL_TIM_PWM_Init
                0x000000000800791c       0x56 Drivers/STM32F4xx_HAL_Driver/Src/stm32f4xx_hal_tim.o
                0x000000000800791c                HAL_TIM_PWM_Init
 .text.HAL_TIM_PWM_MspInit
                0x0000000008007972       0x14 Drivers/STM32F4xx_HAL_Driver/Src/stm32f4xx_hal_tim.o
                0x0000000008007972                HAL_TIM_PWM_MspInit
 .text.HAL_TIM_IC_Init
                0x0000000008007986       0x56 Drivers/STM32F4xx_HAL_Driver/Src/stm32f4xx_hal_tim.o
                0x0000000008007986                HAL_TIM_IC_Init
 .text.HAL_TIM_IC_MspInit
                0x00000000080079dc       0x14 Drivers/STM32F4xx_HAL_Driver/Src/stm32f4xx_hal_tim.o
                0x00000000080079dc                HAL_TIM_IC_MspInit
 .text.HAL_TIM_IRQHandler
                0x00000000080079f0      0x210 Drivers/STM32F4xx_HAL_Driver/Src/stm32f4xx_hal_tim.o
                0x00000000080079f0                HAL_TIM_IRQHandler
 .text.HAL_TIM_OC_ConfigChannel
                0x0000000008007c00       0xc0 Drivers/STM32F4xx_HAL_Driver/Src/stm32f4xx_hal_tim.o
                0x0000000008007c00                HAL_TIM_OC_ConfigChannel
 .text.HAL_TIM_IC_ConfigChannel
                0x0000000008007cc0      0x138 Drivers/STM32F4xx_HAL_Driver/Src/stm32f4xx_hal_tim.o
                0x0000000008007cc0                HAL_TIM_IC_ConfigChannel
 .text.HAL_TIM_PWM_ConfigChannel
                0x0000000008007df8      0x18c Drivers/STM32F4xx_HAL_Driver/Src/stm32f4xx_hal_tim.o
                0x0000000008007df8                HAL_TIM_PWM_ConfigChannel
 .text.HAL_TIM_SlaveConfigSynchro
                0x0000000008007f84       0x84 Drivers/STM32F4xx_HAL_Driver/Src/stm32f4xx_hal_tim.o
                0x0000000008007f84                HAL_TIM_SlaveConfigSynchro
 .text.HAL_TIM_PeriodElapsedCallback
                0x0000000008008008       0x14 Drivers/STM32F4xx_HAL_Driver/Src/stm32f4xx_hal_tim.o
                0x0000000008008008                HAL_TIM_PeriodElapsedCallback
 .text.HAL_TIM_OC_DelayElapsedCallback
                0x000000000800801c       0x14 Drivers/STM32F4xx_HAL_Driver/Src/stm32f4xx_hal_tim.o
                0x000000000800801c                HAL_TIM_OC_DelayElapsedCallback
 .text.HAL_TIM_IC_CaptureCallback
                0x0000000008008030       0x14 Drivers/STM32F4xx_HAL_Driver/Src/stm32f4xx_hal_tim.o
                0x0000000008008030                HAL_TIM_IC_CaptureCallback
 .text.HAL_TIM_PWM_PulseFinishedCallback
                0x0000000008008044       0x14 Drivers/STM32F4xx_HAL_Driver/Src/stm32f4xx_hal_tim.o
                0x0000000008008044                HAL_TIM_PWM_PulseFinishedCallback
 .text.HAL_TIM_TriggerCallback
                0x0000000008008058       0x14 Drivers/STM32F4xx_HAL_Driver/Src/stm32f4xx_hal_tim.o
                0x0000000008008058                HAL_TIM_TriggerCallback
 .text.TIM_Base_SetConfig
                0x000000000800806c      0x140 Drivers/STM32F4xx_HAL_Driver/Src/stm32f4xx_hal_tim.o
                0x000000000800806c                TIM_Base_SetConfig
 .text.TIM_OC1_SetConfig
                0x00000000080081ac       0xe0 Drivers/STM32F4xx_HAL_Driver/Src/stm32f4xx_hal_tim.o
 .text.TIM_OC2_SetConfig
                0x000000000800828c       0xec Drivers/STM32F4xx_HAL_Driver/Src/stm32f4xx_hal_tim.o
                0x000000000800828c                TIM_OC2_SetConfig
 .text.TIM_OC3_SetConfig
                0x0000000008008378       0xe8 Drivers/STM32F4xx_HAL_Driver/Src/stm32f4xx_hal_tim.o
 .text.TIM_OC4_SetConfig
                0x0000000008008460       0xac Drivers/STM32F4xx_HAL_Driver/Src/stm32f4xx_hal_tim.o
 .text.TIM_SlaveTimer_SetConfig
                0x000000000800850c      0x10c Drivers/STM32F4xx_HAL_Driver/Src/stm32f4xx_hal_tim.o
 .text.TIM_TI1_SetConfig
                0x0000000008008618       0xe8 Drivers/STM32F4xx_HAL_Driver/Src/stm32f4xx_hal_tim.o
                0x0000000008008618                TIM_TI1_SetConfig
 .text.TIM_TI1_ConfigInputStage
                0x0000000008008700       0x5e Drivers/STM32F4xx_HAL_Driver/Src/stm32f4xx_hal_tim.o
 .text.TIM_TI2_SetConfig
                0x000000000800875e       0x7a Drivers/STM32F4xx_HAL_Driver/Src/stm32f4xx_hal_tim.o
 .text.TIM_TI2_ConfigInputStage
                0x00000000080087d8       0x60 Drivers/STM32F4xx_HAL_Driver/Src/stm32f4xx_hal_tim.o
 .text.TIM_TI3_SetConfig
                0x0000000008008838       0x78 Drivers/STM32F4xx_HAL_Driver/Src/stm32f4xx_hal_tim.o
 .text.TIM_TI4_SetConfig
                0x00000000080088b0       0x7a Drivers/STM32F4xx_HAL_Driver/Src/stm32f4xx_hal_tim.o
 .text.TIM_ETR_SetConfig
                0x000000000800892a       0x40 Drivers/STM32F4xx_HAL_Driver/Src/stm32f4xx_hal_tim.o
                0x000000000800892a                TIM_ETR_SetConfig
 *fill*         0x000000000800896a        0x2 
 .text.HAL_TIMEx_MasterConfigSynchronization
                0x000000000800896c       0xf8 Drivers/STM32F4xx_HAL_Driver/Src/stm32f4xx_hal_tim_ex.o
                0x000000000800896c                HAL_TIMEx_MasterConfigSynchronization
 .text.HAL_TIMEx_ConfigBreakDeadTime
                0x0000000008008a64       0xa4 Drivers/STM32F4xx_HAL_Driver/Src/stm32f4xx_hal_tim_ex.o
                0x0000000008008a64                HAL_TIMEx_ConfigBreakDeadTime
 .text.HAL_TIMEx_CommutCallback
                0x0000000008008b08       0x14 Drivers/STM32F4xx_HAL_Driver/Src/stm32f4xx_hal_tim_ex.o
                0x0000000008008b08                HAL_TIMEx_CommutCallback
 .text.HAL_TIMEx_BreakCallback
                0x0000000008008b1c       0x14 Drivers/STM32F4xx_HAL_Driver/Src/stm32f4xx_hal_tim_ex.o
                0x0000000008008b1c                HAL_TIMEx_BreakCallback
 .text.HAL_UART_Init
                0x0000000008008b30       0x9a Drivers/STM32F4xx_HAL_Driver/Src/stm32f4xx_hal_uart.o
                0x0000000008008b30                HAL_UART_Init
 .text.HAL_UART_Transmit
                0x0000000008008bca      0x132 Drivers/STM32F4xx_HAL_Driver/Src/stm32f4xx_hal_uart.o
                0x0000000008008bca                HAL_UART_Transmit
 .text.HAL_UART_IRQHandler
                0x0000000008008cfc      0x200 Drivers/STM32F4xx_HAL_Driver/Src/stm32f4xx_hal_uart.o
                0x0000000008008cfc                HAL_UART_IRQHandler
 .text.HAL_UART_TxCpltCallback
                0x0000000008008efc       0x14 Drivers/STM32F4xx_HAL_Driver/Src/stm32f4xx_hal_uart.o
                0x0000000008008efc                HAL_UART_TxCpltCallback
 .text.HAL_UART_RxCpltCallback
                0x0000000008008f10       0x14 Drivers/STM32F4xx_HAL_Driver/Src/stm32f4xx_hal_uart.o
                0x0000000008008f10                HAL_UART_RxCpltCallback
 .text.HAL_UART_ErrorCallback
                0x0000000008008f24       0x14 Drivers/STM32F4xx_HAL_Driver/Src/stm32f4xx_hal_uart.o
                0x0000000008008f24                HAL_UART_ErrorCallback
 .text.UART_WaitOnFlagUntilTimeout
                0x0000000008008f38       0x94 Drivers/STM32F4xx_HAL_Driver/Src/stm32f4xx_hal_uart.o
 .text.UART_EndRxTransfer
                0x0000000008008fcc       0x3c Drivers/STM32F4xx_HAL_Driver/Src/stm32f4xx_hal_uart.o
 .text.UART_DMAAbortOnError
                0x0000000008009008       0x28 Drivers/STM32F4xx_HAL_Driver/Src/stm32f4xx_hal_uart.o
 .text.UART_Transmit_IT
                0x0000000008009030       0xac Drivers/STM32F4xx_HAL_Driver/Src/stm32f4xx_hal_uart.o
 .text.UART_EndTransmit_IT
                0x00000000080090dc       0x30 Drivers/STM32F4xx_HAL_Driver/Src/stm32f4xx_hal_uart.o
 .text.UART_Receive_IT
                0x000000000800910c      0x102 Drivers/STM32F4xx_HAL_Driver/Src/stm32f4xx_hal_uart.o
 *fill*         0x000000000800920e        0x2 
 .text.UART_SetConfig
                0x0000000008009210      0x6f8 Drivers/STM32F4xx_HAL_Driver/Src/stm32f4xx_hal_uart.o
 .text.Print_Debug_Info_UART
                0x0000000008009908       0x28 Suporting_Devices/Common_Helper_Fuctions/Src/Helper_Functions.o
                0x0000000008009908                Print_Debug_Info_UART
 .text.All_Devices_Initial_Configuration
                0x0000000008009930        0xc Suporting_Devices/Common_Helper_Fuctions/Src/Main_Device_Control_And_Schedule.o
                0x0000000008009930                All_Devices_Initial_Configuration
 .text.All_Device_Control_And_Schedule
                0x000000000800993c       0x30 Suporting_Devices/Common_Helper_Fuctions/Src/Main_Device_Control_And_Schedule.o
                0x000000000800993c                All_Device_Control_And_Schedule
 .text.NRF24_DelayMicroSeconds
                0x000000000800996c       0x40 Suporting_Devices/Radio_Module/NRF24L01/Src/Radio_RF_Control.o
                0x000000000800996c                NRF24_DelayMicroSeconds
 .text.NRF24_csn
                0x00000000080099ac       0x34 Suporting_Devices/Radio_Module/NRF24L01/Src/Radio_RF_Control.o
                0x00000000080099ac                NRF24_csn
 .text.NRF24_ce
                0x00000000080099e0       0x34 Suporting_Devices/Radio_Module/NRF24L01/Src/Radio_RF_Control.o
                0x00000000080099e0                NRF24_ce
 .text.NRF24_read_register
                0x0000000008009a14       0x5c Suporting_Devices/Radio_Module/NRF24L01/Src/Radio_RF_Control.o
                0x0000000008009a14                NRF24_read_register
 .text.NRF24_read_registerN
                0x0000000008009a70       0x50 Suporting_Devices/Radio_Module/NRF24L01/Src/Radio_RF_Control.o
                0x0000000008009a70                NRF24_read_registerN
 .text.NRF24_write_register
                0x0000000008009ac0       0x44 Suporting_Devices/Radio_Module/NRF24L01/Src/Radio_RF_Control.o
                0x0000000008009ac0                NRF24_write_register
 .text.NRF24_write_registerN
                0x0000000008009b04       0x50 Suporting_Devices/Radio_Module/NRF24L01/Src/Radio_RF_Control.o
                0x0000000008009b04                NRF24_write_registerN
 .text.NRF24_write_payload
                0x0000000008009b54       0x44 Suporting_Devices/Radio_Module/NRF24L01/Src/Radio_RF_Control.o
                0x0000000008009b54                NRF24_write_payload
 .text.NRF24_read_payload
                0x0000000008009b98       0x60 Suporting_Devices/Radio_Module/NRF24L01/Src/Radio_RF_Control.o
                0x0000000008009b98                NRF24_read_payload
 .text.NRF24_flush_tx
                0x0000000008009bf8       0x10 Suporting_Devices/Radio_Module/NRF24L01/Src/Radio_RF_Control.o
                0x0000000008009bf8                NRF24_flush_tx
 .text.NRF24_flush_rx
                0x0000000008009c08       0x10 Suporting_Devices/Radio_Module/NRF24L01/Src/Radio_RF_Control.o
                0x0000000008009c08                NRF24_flush_rx
 .text.NRF24_get_status
                0x0000000008009c18       0x1a Suporting_Devices/Radio_Module/NRF24L01/Src/Radio_RF_Control.o
                0x0000000008009c18                NRF24_get_status
 *fill*         0x0000000008009c32        0x2 
 .text.NRF24_begin_caller
                0x0000000008009c34       0x34 Suporting_Devices/Radio_Module/NRF24L01/Src/Radio_RF_Control.o
                0x0000000008009c34                NRF24_begin_caller
 .text.NRF24_begin
                0x0000000008009c68      0x1c0 Suporting_Devices/Radio_Module/NRF24L01/Src/Radio_RF_Control.o
                0x0000000008009c68                NRF24_begin
 .text.NRF24_startListening
                0x0000000008009e28       0x4c Suporting_Devices/Radio_Module/NRF24L01/Src/Radio_RF_Control.o
                0x0000000008009e28                NRF24_startListening
 .text.NRF24_stopListening
                0x0000000008009e74       0x16 Suporting_Devices/Radio_Module/NRF24L01/Src/Radio_RF_Control.o
                0x0000000008009e74                NRF24_stopListening
 *fill*         0x0000000008009e8a        0x2 
 .text.NRF24_write
                0x0000000008009e8c       0x98 Suporting_Devices/Radio_Module/NRF24L01/Src/Radio_RF_Control.o
                0x0000000008009e8c                NRF24_write
 .text.NRF24_available
                0x0000000008009f24       0x10 Suporting_Devices/Radio_Module/NRF24L01/Src/Radio_RF_Control.o
                0x0000000008009f24                NRF24_available
 .text.NRF24_read
                0x0000000008009f34       0x40 Suporting_Devices/Radio_Module/NRF24L01/Src/Radio_RF_Control.o
                0x0000000008009f34                NRF24_read
 .text.NRF24_openWritingPipe
                0x0000000008009f74       0x48 Suporting_Devices/Radio_Module/NRF24L01/Src/Radio_RF_Control.o
                0x0000000008009f74                NRF24_openWritingPipe
 .text.NRF24_openReadingPipe
                0x0000000008009fbc       0x9c Suporting_Devices/Radio_Module/NRF24L01/Src/Radio_RF_Control.o
                0x0000000008009fbc                NRF24_openReadingPipe
 .text.NRF24_setRetries
                0x000000000800a058       0x36 Suporting_Devices/Radio_Module/NRF24L01/Src/Radio_RF_Control.o
                0x000000000800a058                NRF24_setRetries
 .text.NRF24_setChannel
                0x000000000800a08e       0x2a Suporting_Devices/Radio_Module/NRF24L01/Src/Radio_RF_Control.o
                0x000000000800a08e                NRF24_setChannel
 .text.NRF24_setPayloadSize
                0x000000000800a0b8       0x30 Suporting_Devices/Radio_Module/NRF24L01/Src/Radio_RF_Control.o
                0x000000000800a0b8                NRF24_setPayloadSize
 .text.NRF24_getPayloadSize
                0x000000000800a0e8       0x18 Suporting_Devices/Radio_Module/NRF24L01/Src/Radio_RF_Control.o
                0x000000000800a0e8                NRF24_getPayloadSize
 .text.NRF24_getDynamicPayloadSize
                0x000000000800a100       0x10 Suporting_Devices/Radio_Module/NRF24L01/Src/Radio_RF_Control.o
                0x000000000800a100                NRF24_getDynamicPayloadSize
 .text.NRF24_disableDynamicPayloads
                0x000000000800a110       0x30 Suporting_Devices/Radio_Module/NRF24L01/Src/Radio_RF_Control.o
                0x000000000800a110                NRF24_disableDynamicPayloads
 .text.NRF24_setAutoAck
                0x000000000800a140       0x2a Suporting_Devices/Radio_Module/NRF24L01/Src/Radio_RF_Control.o
                0x000000000800a140                NRF24_setAutoAck
 .text.NRF24_setPALevel
                0x000000000800a16a       0x72 Suporting_Devices/Radio_Module/NRF24L01/Src/Radio_RF_Control.o
                0x000000000800a16a                NRF24_setPALevel
 .text.NRF24_setDataRate
                0x000000000800a1dc       0x8c Suporting_Devices/Radio_Module/NRF24L01/Src/Radio_RF_Control.o
                0x000000000800a1dc                NRF24_setDataRate
 .text.NRF24_setCRCLength
                0x000000000800a268       0x50 Suporting_Devices/Radio_Module/NRF24L01/Src/Radio_RF_Control.o
                0x000000000800a268                NRF24_setCRCLength
 .text.NRF24_powerUp
                0x000000000800a2b8       0x1e Suporting_Devices/Radio_Module/NRF24L01/Src/Radio_RF_Control.o
                0x000000000800a2b8                NRF24_powerUp
 .text.NRF24_powerDown
                0x000000000800a2d6       0x1e Suporting_Devices/Radio_Module/NRF24L01/Src/Radio_RF_Control.o
                0x000000000800a2d6                NRF24_powerDown
 .text.NRF24_availablePipe
                0x000000000800a2f4       0x60 Suporting_Devices/Radio_Module/NRF24L01/Src/Radio_RF_Control.o
                0x000000000800a2f4                NRF24_availablePipe
 .text.NRF24_startWrite
                0x000000000800a354       0x5e Suporting_Devices/Radio_Module/NRF24L01/Src/Radio_RF_Control.o
                0x000000000800a354                NRF24_startWrite
 .text.NRF24_whatHappened
                0x000000000800a3b2       0x66 Suporting_Devices/Radio_Module/NRF24L01/Src/Radio_RF_Control.o
                0x000000000800a3b2                NRF24_whatHappened
 .text.NRF24_resetStatus
                0x000000000800a418       0x10 Suporting_Devices/Radio_Module/NRF24L01/Src/Radio_RF_Control.o
                0x000000000800a418                NRF24_resetStatus
 .text.NRF24_ACTIVATE_cmd
                0x000000000800a428       0x34 Suporting_Devices/Radio_Module/NRF24L01/Src/Radio_RF_Control.o
                0x000000000800a428                NRF24_ACTIVATE_cmd
 .text.printRadioSettings
                0x000000000800a45c      0x77c Suporting_Devices/Radio_Module/NRF24L01/Src/Radio_RF_Control.o
                0x000000000800a45c                printRadioSettings
 .text.printStatusReg
                0x000000000800abd8       0xd8 Suporting_Devices/Radio_Module/NRF24L01/Src/Radio_RF_Control.o
                0x000000000800abd8                printStatusReg
 .text.printConfigReg
                0x000000000800acb0       0x90 Suporting_Devices/Radio_Module/NRF24L01/Src/Radio_RF_Control.o
                0x000000000800acb0                printConfigReg
 .text.Read_User_Pin
                0x000000000800ad40       0x44 Suporting_Devices/Radio_Module/NRF24L01/Src/Radio_RF_Control.o
                0x000000000800ad40                Read_User_Pin
 .text.NRF24L01_Initial_Configuartion
                0x000000000800ad84       0x58 Suporting_Devices/Radio_Module/NRF24L01/Src/Radio_RF_Control.o
                0x000000000800ad84                NRF24L01_Initial_Configuartion
 .text.Radio_Transmit_Data
                0x000000000800addc       0x4c Suporting_Devices/Radio_Module/NRF24L01/Src/Radio_RF_Control.o
                0x000000000800addc                Radio_Transmit_Data
 .text.Radio_Receive_Data
                0x000000000800ae28       0x68 Suporting_Devices/Radio_Module/NRF24L01/Src/Radio_RF_Control.o
                0x000000000800ae28                Radio_Receive_Data
 .text.NRF24L01_Schedule_And_Event_Control
                0x000000000800ae90       0xb4 Suporting_Devices/Radio_Module/NRF24L01/Src/Radio_RF_Control.o
                0x000000000800ae90                NRF24L01_Schedule_And_Event_Control
 .text._Z26OLED_Initial_Configuartionv
                0x000000000800af44      0x134 Suporting_Devices/SSD1306/Src/OLED_LCD_Control.o
                0x000000000800af44                OLED_Initial_Configuartion()
 .text._Z15Display_RF_Infov
                0x000000000800b078      0x158 Suporting_Devices/SSD1306/Src/OLED_LCD_Control.o
                0x000000000800b078                Display_RF_Info()
 .text._Z31OLED_Schedule_And_Event_Controlv
                0x000000000800b1d0       0x2c Suporting_Devices/SSD1306/Src/OLED_LCD_Control.o
                0x000000000800b1d0                OLED_Schedule_And_Event_Control()
 .text._Z41__static_initialization_and_destruction_0ii
                0x000000000800b1fc       0x44 Suporting_Devices/SSD1306/Src/OLED_LCD_Control.o
 .text._GLOBAL__sub_I_x
                0x000000000800b240       0x10 Suporting_Devices/SSD1306/Src/OLED_LCD_Control.o
 .text._GLOBAL__sub_D_x
                0x000000000800b250       0x10 Suporting_Devices/SSD1306/Src/OLED_LCD_Control.o
 .text._ZN4OLEDC2Ev
                0x000000000800b260       0x34 Suporting_Devices/SSD1306/Src/RJA_SSD1306.o
                0x000000000800b260                OLED::OLED()
                0x000000000800b260                OLED::OLED()
 .text._ZN4OLEDD2Ev
                0x000000000800b294       0x20 Suporting_Devices/SSD1306/Src/RJA_SSD1306.o
                0x000000000800b294                OLED::~OLED()
                0x000000000800b294                OLED::~OLED()
 .text._ZN4OLEDD0Ev
                0x000000000800b2b4       0x22 Suporting_Devices/SSD1306/Src/RJA_SSD1306.o
                0x000000000800b2b4                OLED::~OLED()
 .text._ZN4OLED4initEP19__I2C_HandleTypeDef
                0x000000000800b2d6      0x16e Suporting_Devices/SSD1306/Src/RJA_SSD1306.o
                0x000000000800b2d6                OLED::init(__I2C_HandleTypeDef*)
 .text._ZN4OLED14drawFullscreenEv
                0x000000000800b444       0x9c Suporting_Devices/SSD1306/Src/RJA_SSD1306.o
                0x000000000800b444                OLED::drawFullscreen()
 .text._ZN4OLED5pixelEiibb
                0x000000000800b4e0       0x4c Suporting_Devices/SSD1306/Src/RJA_SSD1306.o
                0x000000000800b4e0                OLED::pixel(int, int, bool, bool)
 .text._ZN4OLED8fillRectEiiiib
                0x000000000800b52c       0x2a Suporting_Devices/SSD1306/Src/RJA_SSD1306.o
                0x000000000800b52c                OLED::fillRect(int, int, int, int, bool)
 .text._ZN4OLED4fillEb
                0x000000000800b556       0x4a Suporting_Devices/SSD1306/Src/RJA_SSD1306.o
                0x000000000800b556                OLED::fill(bool)
 .text._ZN4OLED4fillEiiiib
                0x000000000800b5a0       0x52 Suporting_Devices/SSD1306/Src/RJA_SSD1306.o
                0x000000000800b5a0                OLED::fill(int, int, int, int, bool)
 .text._ZN4OLED6invertEv
                0x000000000800b5f2       0x5a Suporting_Devices/SSD1306/Src/RJA_SSD1306.o
                0x000000000800b5f2                OLED::invert()
 .text._ZN4OLED9characterEiihbbi
                0x000000000800b64c      0x1e0 Suporting_Devices/SSD1306/Src/RJA_SSD1306.o
                0x000000000800b64c                OLED::character(int, int, unsigned char, bool, bool, int)
 .text._ZN4OLED4textEiiNSt7__cxx1112basic_stringIcSt11char_traitsIcESaIcEEEbbi
                0x000000000800b82c       0x7c Suporting_Devices/SSD1306/Src/RJA_SSD1306.o
                0x000000000800b82c                OLED::text(int, int, std::__cxx11::basic_string<char, std::char_traits<char>, std::allocator<char> >, bool, bool, int)
 .text._ZdlPvj  0x000000000800b8a8        0x4 c:/st/stm32cubeide_1.3.0/stm32cubeide/plugins/com.st.stm32cube.ide.mcu.externaltools.gnu-tools-for-stm32.7-2018-q2-update.win32_1.4.0.202007081208/tools/bin/../lib/gcc/arm-none-eabi/7.3.1/../../../../arm-none-eabi/lib/thumb/v7e-m/fpv4-sp/hard\libstdc++_nano.a(del_ops.o)
                0x000000000800b8a8                operator delete(void*, unsigned int)
 .text._ZdlPv   0x000000000800b8ac        0x4 c:/st/stm32cubeide_1.3.0/stm32cubeide/plugins/com.st.stm32cube.ide.mcu.externaltools.gnu-tools-for-stm32.7-2018-q2-update.win32_1.4.0.202007081208/tools/bin/../lib/gcc/arm-none-eabi/7.3.1/../../../../arm-none-eabi/lib/thumb/v7e-m/fpv4-sp/hard\libstdc++_nano.a(del_op.o)
                0x000000000800b8ac                operator delete(void*)
 .text._ZNSaIcEC2Ev
                0x000000000800b8b0        0x2 c:/st/stm32cubeide_1.3.0/stm32cubeide/plugins/com.st.stm32cube.ide.mcu.externaltools.gnu-tools-for-stm32.7-2018-q2-update.win32_1.4.0.202007081208/tools/bin/../lib/gcc/arm-none-eabi/7.3.1/../../../../arm-none-eabi/lib/thumb/v7e-m/fpv4-sp/hard\libstdc++_nano.a(allocator-inst.o)
                0x000000000800b8b0                std::allocator<char>::allocator()
                0x000000000800b8b0                std::allocator<char>::allocator()
 .text._ZNSaIcED2Ev
                0x000000000800b8b2        0x2 c:/st/stm32cubeide_1.3.0/stm32cubeide/plugins/com.st.stm32cube.ide.mcu.externaltools.gnu-tools-for-stm32.7-2018-q2-update.win32_1.4.0.202007081208/tools/bin/../lib/gcc/arm-none-eabi/7.3.1/../../../../arm-none-eabi/lib/thumb/v7e-m/fpv4-sp/hard\libstdc++_nano.a(allocator-inst.o)
                0x000000000800b8b2                std::allocator<char>::~allocator()
                0x000000000800b8b2                std::allocator<char>::~allocator()
 .text._ZNSt11char_traitsIcE4copyEPcPKcj
                0x000000000800b8b4        0x8 c:/st/stm32cubeide_1.3.0/stm32cubeide/plugins/com.st.stm32cube.ide.mcu.externaltools.gnu-tools-for-stm32.7-2018-q2-update.win32_1.4.0.202007081208/tools/bin/../lib/gcc/arm-none-eabi/7.3.1/../../../../arm-none-eabi/lib/thumb/v7e-m/fpv4-sp/hard\libstdc++_nano.a(string-inst.o)
                0x000000000800b8b4                std::char_traits<char>::copy(char*, char const*, unsigned int)
 .text._ZNSt7__cxx1112basic_stringIcSt11char_traitsIcESaIcEE9_M_createERjj
                0x000000000800b8bc       0x34 c:/st/stm32cubeide_1.3.0/stm32cubeide/plugins/com.st.stm32cube.ide.mcu.externaltools.gnu-tools-for-stm32.7-2018-q2-update.win32_1.4.0.202007081208/tools/bin/../lib/gcc/arm-none-eabi/7.3.1/../../../../arm-none-eabi/lib/thumb/v7e-m/fpv4-sp/hard\libstdc++_nano.a(string-inst.o)
                0x000000000800b8bc                std::__cxx11::basic_string<char, std::char_traits<char>, std::allocator<char> >::_M_create(unsigned int&, unsigned int)
 .text._ZNSt7__cxx1112basic_stringIcSt11char_traitsIcESaIcEE10_M_disposeEv
                0x000000000800b8f0       0x10 c:/st/stm32cubeide_1.3.0/stm32cubeide/plugins/com.st.stm32cube.ide.mcu.externaltools.gnu-tools-for-stm32.7-2018-q2-update.win32_1.4.0.202007081208/tools/bin/../lib/gcc/arm-none-eabi/7.3.1/../../../../arm-none-eabi/lib/thumb/v7e-m/fpv4-sp/hard\libstdc++_nano.a(string-inst.o)
                0x000000000800b8f0                std::__cxx11::basic_string<char, std::char_traits<char>, std::allocator<char> >::_M_dispose()
 .text._ZNSt7__cxx1112basic_stringIcSt11char_traitsIcESaIcEE7_S_copyEPcPKcj
                0x000000000800b900       0x12 c:/st/stm32cubeide_1.3.0/stm32cubeide/plugins/com.st.stm32cube.ide.mcu.externaltools.gnu-tools-for-stm32.7-2018-q2-update.win32_1.4.0.202007081208/tools/bin/../lib/gcc/arm-none-eabi/7.3.1/../../../../arm-none-eabi/lib/thumb/v7e-m/fpv4-sp/hard\libstdc++_nano.a(string-inst.o)
                0x000000000800b900                std::__cxx11::basic_string<char, std::char_traits<char>, std::allocator<char> >::_S_copy(char*, char const*, unsigned int)
 .text._ZNSt7__cxx1112basic_stringIcSt11char_traitsIcESaIcEE13_S_copy_charsEPcPKcS7_
                0x000000000800b912        0xa c:/st/stm32cubeide_1.3.0/stm32cubeide/plugins/com.st.stm32cube.ide.mcu.externaltools.gnu-tools-for-stm32.7-2018-q2-update.win32_1.4.0.202007081208/tools/bin/../lib/gcc/arm-none-eabi/7.3.1/../../../../arm-none-eabi/lib/thumb/v7e-m/fpv4-sp/hard\libstdc++_nano.a(string-inst.o)
                0x000000000800b912                std::__cxx11::basic_string<char, std::char_traits<char>, std::allocator<char> >::_S_copy_chars(char*, char const*, char const*)
 .text._ZNSt7__cxx1112basic_stringIcSt11char_traitsIcESaIcEED2Ev
                0x000000000800b91c        0xc c:/st/stm32cubeide_1.3.0/stm32cubeide/plugins/com.st.stm32cube.ide.mcu.externaltools.gnu-tools-for-stm32.7-2018-q2-update.win32_1.4.0.202007081208/tools/bin/../lib/gcc/arm-none-eabi/7.3.1/../../../../arm-none-eabi/lib/thumb/v7e-m/fpv4-sp/hard\libstdc++_nano.a(string-inst.o)
                0x000000000800b91c                std::__cxx11::basic_string<char, std::char_traits<char>, std::allocator<char> >::~basic_string()
                0x000000000800b91c                std::__cxx11::basic_string<char, std::char_traits<char>, std::allocator<char> >::~basic_string()
 .text._ZNKSt7__cxx1112basic_stringIcSt11char_traitsIcESaIcEE4sizeEv
                0x000000000800b928        0x4 c:/st/stm32cubeide_1.3.0/stm32cubeide/plugins/com.st.stm32cube.ide.mcu.externaltools.gnu-tools-for-stm32.7-2018-q2-update.win32_1.4.0.202007081208/tools/bin/../lib/gcc/arm-none-eabi/7.3.1/../../../../arm-none-eabi/lib/thumb/v7e-m/fpv4-sp/hard\libstdc++_nano.a(string-inst.o)
                0x000000000800b928                std::__cxx11::basic_string<char, std::char_traits<char>, std::allocator<char> >::size() const
 .text._ZNSt7__cxx1112basic_stringIcSt11char_traitsIcESaIcEEixEj
                0x000000000800b92c        0x6 c:/st/stm32cubeide_1.3.0/stm32cubeide/plugins/com.st.stm32cube.ide.mcu.externaltools.gnu-tools-for-stm32.7-2018-q2-update.win32_1.4.0.202007081208/tools/bin/../lib/gcc/arm-none-eabi/7.3.1/../../../../arm-none-eabi/lib/thumb/v7e-m/fpv4-sp/hard\libstdc++_nano.a(string-inst.o)
                0x000000000800b92c                std::__cxx11::basic_string<char, std::char_traits<char>, std::allocator<char> >::operator[](unsigned int)
 *fill*         0x000000000800b932        0x2 
 .text._ZNSt7__cxx1112basic_stringIcSt11char_traitsIcESaIcEE12_M_constructIPKcEEvT_S8_St20forward_iterator_tag
                0x000000000800b934       0x48 c:/st/stm32cubeide_1.3.0/stm32cubeide/plugins/com.st.stm32cube.ide.mcu.externaltools.gnu-tools-for-stm32.7-2018-q2-update.win32_1.4.0.202007081208/tools/bin/../lib/gcc/arm-none-eabi/7.3.1/../../../../arm-none-eabi/lib/thumb/v7e-m/fpv4-sp/hard\libstdc++_nano.a(string-inst.o)
                0x000000000800b934                void std::__cxx11::basic_string<char, std::char_traits<char>, std::allocator<char> >::_M_construct<char const*>(char const*, char const*, std::forward_iterator_tag)
 .text._ZNSt7__cxx1112basic_stringIcSt11char_traitsIcESaIcEEC2EPKcRKS3_
                0x000000000800b97c       0x2c c:/st/stm32cubeide_1.3.0/stm32cubeide/plugins/com.st.stm32cube.ide.mcu.externaltools.gnu-tools-for-stm32.7-2018-q2-update.win32_1.4.0.202007081208/tools/bin/../lib/gcc/arm-none-eabi/7.3.1/../../../../arm-none-eabi/lib/thumb/v7e-m/fpv4-sp/hard\libstdc++_nano.a(string-inst.o)
                0x000000000800b97c                std::__cxx11::basic_string<char, std::char_traits<char>, std::allocator<char> >::basic_string(char const*, std::allocator<char> const&)
                0x000000000800b97c                std::__cxx11::basic_string<char, std::char_traits<char>, std::allocator<char> >::basic_string(char const*, std::allocator<char> const&)
 .text._Znwj    0x000000000800b9a8       0x22 c:/st/stm32cubeide_1.3.0/stm32cubeide/plugins/com.st.stm32cube.ide.mcu.externaltools.gnu-tools-for-stm32.7-2018-q2-update.win32_1.4.0.202007081208/tools/bin/../lib/gcc/arm-none-eabi/7.3.1/../../../../arm-none-eabi/lib/thumb/v7e-m/fpv4-sp/hard\libstdc++_nano.a(new_op.o)
                0x000000000800b9a8                operator new(unsigned int)
 *fill*         0x000000000800b9ca        0x2 
 .text._ZSt15get_new_handlerv
                0x000000000800b9cc       0x10 c:/st/stm32cubeide_1.3.0/stm32cubeide/plugins/com.st.stm32cube.ide.mcu.externaltools.gnu-tools-for-stm32.7-2018-q2-update.win32_1.4.0.202007081208/tools/bin/../lib/gcc/arm-none-eabi/7.3.1/../../../../arm-none-eabi/lib/thumb/v7e-m/fpv4-sp/hard\libstdc++_nano.a(new_handler.o)
                0x000000000800b9cc                std::get_new_handler()
 .text._ZSt19__throw_logic_errorPKc
                0x000000000800b9dc        0x6 c:/st/stm32cubeide_1.3.0/stm32cubeide/plugins/com.st.stm32cube.ide.mcu.externaltools.gnu-tools-for-stm32.7-2018-q2-update.win32_1.4.0.202007081208/tools/bin/../lib/gcc/arm-none-eabi/7.3.1/../../../../arm-none-eabi/lib/thumb/v7e-m/fpv4-sp/hard\libstdc++_nano.a(functexcept.o)
                0x000000000800b9dc                std::__throw_logic_error(char const*)
 .text._ZSt20__throw_length_errorPKc
                0x000000000800b9e2        0x6 c:/st/stm32cubeide_1.3.0/stm32cubeide/plugins/com.st.stm32cube.ide.mcu.externaltools.gnu-tools-for-stm32.7-2018-q2-update.win32_1.4.0.202007081208/tools/bin/../lib/gcc/arm-none-eabi/7.3.1/../../../../arm-none-eabi/lib/thumb/v7e-m/fpv4-sp/hard\libstdc++_nano.a(functexcept.o)
                0x000000000800b9e2                std::__throw_length_error(char const*)
 .text.abort    0x000000000800b9e8        0xe c:/st/stm32cubeide_1.3.0/stm32cubeide/plugins/com.st.stm32cube.ide.mcu.externaltools.gnu-tools-for-stm32.7-2018-q2-update.win32_1.4.0.202007081208/tools/bin/../lib/gcc/arm-none-eabi/7.3.1/../../../../arm-none-eabi/lib/thumb/v7e-m/fpv4-sp/hard\libc_nano.a(lib_a-abort.o)
                0x000000000800b9e8                abort
 *fill*         0x000000000800b9f6        0x2 
 .text.__errno  0x000000000800b9f8        0xc c:/st/stm32cubeide_1.3.0/stm32cubeide/plugins/com.st.stm32cube.ide.mcu.externaltools.gnu-tools-for-stm32.7-2018-q2-update.win32_1.4.0.202007081208/tools/bin/../lib/gcc/arm-none-eabi/7.3.1/../../../../arm-none-eabi/lib/thumb/v7e-m/fpv4-sp/hard\libc_nano.a(lib_a-errno.o)
                0x000000000800b9f8                __errno
 .text.__libc_init_array
                0x000000000800ba04       0x48 c:/st/stm32cubeide_1.3.0/stm32cubeide/plugins/com.st.stm32cube.ide.mcu.externaltools.gnu-tools-for-stm32.7-2018-q2-update.win32_1.4.0.202007081208/tools/bin/../lib/gcc/arm-none-eabi/7.3.1/../../../../arm-none-eabi/lib/thumb/v7e-m/fpv4-sp/hard\libc_nano.a(lib_a-init.o)
                0x000000000800ba04                __libc_init_array
 .text.malloc   0x000000000800ba4c       0x10 c:/st/stm32cubeide_1.3.0/stm32cubeide/plugins/com.st.stm32cube.ide.mcu.externaltools.gnu-tools-for-stm32.7-2018-q2-update.win32_1.4.0.202007081208/tools/bin/../lib/gcc/arm-none-eabi/7.3.1/../../../../arm-none-eabi/lib/thumb/v7e-m/fpv4-sp/hard\libc_nano.a(lib_a-malloc.o)
                0x000000000800ba4c                malloc
 .text.free     0x000000000800ba5c       0x10 c:/st/stm32cubeide_1.3.0/stm32cubeide/plugins/com.st.stm32cube.ide.mcu.externaltools.gnu-tools-for-stm32.7-2018-q2-update.win32_1.4.0.202007081208/tools/bin/../lib/gcc/arm-none-eabi/7.3.1/../../../../arm-none-eabi/lib/thumb/v7e-m/fpv4-sp/hard\libc_nano.a(lib_a-malloc.o)
                0x000000000800ba5c                free
 .text.memcpy   0x000000000800ba6c       0x16 c:/st/stm32cubeide_1.3.0/stm32cubeide/plugins/com.st.stm32cube.ide.mcu.externaltools.gnu-tools-for-stm32.7-2018-q2-update.win32_1.4.0.202007081208/tools/bin/../lib/gcc/arm-none-eabi/7.3.1/../../../../arm-none-eabi/lib/thumb/v7e-m/fpv4-sp/hard\libc_nano.a(lib_a-memcpy-stub.o)
                0x000000000800ba6c                memcpy
 .text.memmove  0x000000000800ba82       0x32 c:/st/stm32cubeide_1.3.0/stm32cubeide/plugins/com.st.stm32cube.ide.mcu.externaltools.gnu-tools-for-stm32.7-2018-q2-update.win32_1.4.0.202007081208/tools/bin/../lib/gcc/arm-none-eabi/7.3.1/../../../../arm-none-eabi/lib/thumb/v7e-m/fpv4-sp/hard\libc_nano.a(lib_a-memmove.o)
                0x000000000800ba82                memmove
 .text.memset   0x000000000800bab4       0x10 c:/st/stm32cubeide_1.3.0/stm32cubeide/plugins/com.st.stm32cube.ide.mcu.externaltools.gnu-tools-for-stm32.7-2018-q2-update.win32_1.4.0.202007081208/tools/bin/../lib/gcc/arm-none-eabi/7.3.1/../../../../arm-none-eabi/lib/thumb/v7e-m/fpv4-sp/hard\libc_nano.a(lib_a-memset.o)
                0x000000000800bab4                memset
 .text._free_r  0x000000000800bac4       0x9c c:/st/stm32cubeide_1.3.0/stm32cubeide/plugins/com.st.stm32cube.ide.mcu.externaltools.gnu-tools-for-stm32.7-2018-q2-update.win32_1.4.0.202007081208/tools/bin/../lib/gcc/arm-none-eabi/7.3.1/../../../../arm-none-eabi/lib/thumb/v7e-m/fpv4-sp/hard\libc_nano.a(lib_a-nano-freer.o)
                0x000000000800bac4                _free_r
 .text._malloc_r
                0x000000000800bb60       0xb4 c:/st/stm32cubeide_1.3.0/stm32cubeide/plugins/com.st.stm32cube.ide.mcu.externaltools.gnu-tools-for-stm32.7-2018-q2-update.win32_1.4.0.202007081208/tools/bin/../lib/gcc/arm-none-eabi/7.3.1/../../../../arm-none-eabi/lib/thumb/v7e-m/fpv4-sp/hard\libc_nano.a(lib_a-nano-mallocr.o)
                0x000000000800bb60                _malloc_r
 .text._sbrk_r  0x000000000800bc14       0x20 c:/st/stm32cubeide_1.3.0/stm32cubeide/plugins/com.st.stm32cube.ide.mcu.externaltools.gnu-tools-for-stm32.7-2018-q2-update.win32_1.4.0.202007081208/tools/bin/../lib/gcc/arm-none-eabi/7.3.1/../../../../arm-none-eabi/lib/thumb/v7e-m/fpv4-sp/hard\libc_nano.a(lib_a-sbrkr.o)
                0x000000000800bc14                _sbrk_r
 .text._raise_r
                0x000000000800bc34       0x50 c:/st/stm32cubeide_1.3.0/stm32cubeide/plugins/com.st.stm32cube.ide.mcu.externaltools.gnu-tools-for-stm32.7-2018-q2-update.win32_1.4.0.202007081208/tools/bin/../lib/gcc/arm-none-eabi/7.3.1/../../../../arm-none-eabi/lib/thumb/v7e-m/fpv4-sp/hard\libc_nano.a(lib_a-signal.o)
                0x000000000800bc34                _raise_r
 .text.raise    0x000000000800bc84       0x10 c:/st/stm32cubeide_1.3.0/stm32cubeide/plugins/com.st.stm32cube.ide.mcu.externaltools.gnu-tools-for-stm32.7-2018-q2-update.win32_1.4.0.202007081208/tools/bin/../lib/gcc/arm-none-eabi/7.3.1/../../../../arm-none-eabi/lib/thumb/v7e-m/fpv4-sp/hard\libc_nano.a(lib_a-signal.o)
                0x000000000800bc84                raise
 .text._kill_r  0x000000000800bc94       0x24 c:/st/stm32cubeide_1.3.0/stm32cubeide/plugins/com.st.stm32cube.ide.mcu.externaltools.gnu-tools-for-stm32.7-2018-q2-update.win32_1.4.0.202007081208/tools/bin/../lib/gcc/arm-none-eabi/7.3.1/../../../../arm-none-eabi/lib/thumb/v7e-m/fpv4-sp/hard\libc_nano.a(lib_a-signalr.o)
                0x000000000800bc94                _kill_r
 .text._getpid_r
                0x000000000800bcb8        0x4 c:/st/stm32cubeide_1.3.0/stm32cubeide/plugins/com.st.stm32cube.ide.mcu.externaltools.gnu-tools-for-stm32.7-2018-q2-update.win32_1.4.0.202007081208/tools/bin/../lib/gcc/arm-none-eabi/7.3.1/../../../../arm-none-eabi/lib/thumb/v7e-m/fpv4-sp/hard\libc_nano.a(lib_a-signalr.o)
                0x000000000800bcb8                _getpid_r
 .text.sprintf  0x000000000800bcbc       0x40 c:/st/stm32cubeide_1.3.0/stm32cubeide/plugins/com.st.stm32cube.ide.mcu.externaltools.gnu-tools-for-stm32.7-2018-q2-update.win32_1.4.0.202007081208/tools/bin/../lib/gcc/arm-none-eabi/7.3.1/../../../../arm-none-eabi/lib/thumb/v7e-m/fpv4-sp/hard\libc_nano.a(lib_a-sprintf.o)
                0x000000000800bcbc                siprintf
                0x000000000800bcbc                sprintf
 .text.__malloc_lock
                0x000000000800bcfc        0x2 c:/st/stm32cubeide_1.3.0/stm32cubeide/plugins/com.st.stm32cube.ide.mcu.externaltools.gnu-tools-for-stm32.7-2018-q2-update.win32_1.4.0.202007081208/tools/bin/../lib/gcc/arm-none-eabi/7.3.1/../../../../arm-none-eabi/lib/thumb/v7e-m/fpv4-sp/hard\libc_nano.a(lib_a-mlock.o)
                0x000000000800bcfc                __malloc_lock
 .text.__malloc_unlock
                0x000000000800bcfe        0x2 c:/st/stm32cubeide_1.3.0/stm32cubeide/plugins/com.st.stm32cube.ide.mcu.externaltools.gnu-tools-for-stm32.7-2018-q2-update.win32_1.4.0.202007081208/tools/bin/../lib/gcc/arm-none-eabi/7.3.1/../../../../arm-none-eabi/lib/thumb/v7e-m/fpv4-sp/hard\libc_nano.a(lib_a-mlock.o)
                0x000000000800bcfe                __malloc_unlock
 .text.__ssputs_r
                0x000000000800bd00       0xb4 c:/st/stm32cubeide_1.3.0/stm32cubeide/plugins/com.st.stm32cube.ide.mcu.externaltools.gnu-tools-for-stm32.7-2018-q2-update.win32_1.4.0.202007081208/tools/bin/../lib/gcc/arm-none-eabi/7.3.1/../../../../arm-none-eabi/lib/thumb/v7e-m/fpv4-sp/hard\libc_nano.a(lib_a-nano-svfprintf.o)
                0x000000000800bd00                __ssputs_r
 .text._svfprintf_r
                0x000000000800bdb4      0x1f0 c:/st/stm32cubeide_1.3.0/stm32cubeide/plugins/com.st.stm32cube.ide.mcu.externaltools.gnu-tools-for-stm32.7-2018-q2-update.win32_1.4.0.202007081208/tools/bin/../lib/gcc/arm-none-eabi/7.3.1/../../../../arm-none-eabi/lib/thumb/v7e-m/fpv4-sp/hard\libc_nano.a(lib_a-nano-svfprintf.o)
                0x000000000800bdb4                _svfiprintf_r
                0x000000000800bdb4                _svfprintf_r
 .text._printf_common
                0x000000000800bfa4       0xea c:/st/stm32cubeide_1.3.0/stm32cubeide/plugins/com.st.stm32cube.ide.mcu.externaltools.gnu-tools-for-stm32.7-2018-q2-update.win32_1.4.0.202007081208/tools/bin/../lib/gcc/arm-none-eabi/7.3.1/../../../../arm-none-eabi/lib/thumb/v7e-m/fpv4-sp/hard\libc_nano.a(lib_a-nano-vfprintf_i.o)
                0x000000000800bfa4                _printf_common
 *fill*         0x000000000800c08e        0x2 
 .text._printf_i
                0x000000000800c090      0x224 c:/st/stm32cubeide_1.3.0/stm32cubeide/plugins/com.st.stm32cube.ide.mcu.externaltools.gnu-tools-for-stm32.7-2018-q2-update.win32_1.4.0.202007081208/tools/bin/../lib/gcc/arm-none-eabi/7.3.1/../../../../arm-none-eabi/lib/thumb/v7e-m/fpv4-sp/hard\libc_nano.a(lib_a-nano-vfprintf_i.o)
                0x000000000800c090                _printf_i
 .text._realloc_r
                0x000000000800c2b4       0x4c c:/st/stm32cubeide_1.3.0/stm32cubeide/plugins/com.st.stm32cube.ide.mcu.externaltools.gnu-tools-for-stm32.7-2018-q2-update.win32_1.4.0.202007081208/tools/bin/../lib/gcc/arm-none-eabi/7.3.1/../../../../arm-none-eabi/lib/thumb/v7e-m/fpv4-sp/hard\libc_nano.a(lib_a-nano-reallocr.o)
                0x000000000800c2b4                _realloc_r
 .text._malloc_usable_size_r
                0x000000000800c300       0x10 c:/st/stm32cubeide_1.3.0/stm32cubeide/plugins/com.st.stm32cube.ide.mcu.externaltools.gnu-tools-for-stm32.7-2018-q2-update.win32_1.4.0.202007081208/tools/bin/../lib/gcc/arm-none-eabi/7.3.1/../../../../arm-none-eabi/lib/thumb/v7e-m/fpv4-sp/hard\libc_nano.a(lib_a-nano-msizer.o)
                0x000000000800c300                _malloc_usable_size_r
 *(.glue_7)
 .glue_7        0x000000000800c310        0x0 linker stubs
 *(.glue_7t)
 .glue_7t       0x000000000800c310        0x0 linker stubs
 *(.eh_frame)
 .eh_frame      0x000000000800c310        0x0 c:/st/stm32cubeide_1.3.0/stm32cubeide/plugins/com.st.stm32cube.ide.mcu.externaltools.gnu-tools-for-stm32.7-2018-q2-update.win32_1.4.0.202007081208/tools/bin/../lib/gcc/arm-none-eabi/7.3.1/thumb/v7e-m/fpv4-sp/hard/crtbegin.o
 *(.init)
 .init          0x000000000800c310        0x4 c:/st/stm32cubeide_1.3.0/stm32cubeide/plugins/com.st.stm32cube.ide.mcu.externaltools.gnu-tools-for-stm32.7-2018-q2-update.win32_1.4.0.202007081208/tools/bin/../lib/gcc/arm-none-eabi/7.3.1/thumb/v7e-m/fpv4-sp/hard/crti.o
                0x000000000800c310                _init
 .init          0x000000000800c314        0x8 c:/st/stm32cubeide_1.3.0/stm32cubeide/plugins/com.st.stm32cube.ide.mcu.externaltools.gnu-tools-for-stm32.7-2018-q2-update.win32_1.4.0.202007081208/tools/bin/../lib/gcc/arm-none-eabi/7.3.1/thumb/v7e-m/fpv4-sp/hard/crtn.o
 *(.fini)
 .fini          0x000000000800c31c        0x4 c:/st/stm32cubeide_1.3.0/stm32cubeide/plugins/com.st.stm32cube.ide.mcu.externaltools.gnu-tools-for-stm32.7-2018-q2-update.win32_1.4.0.202007081208/tools/bin/../lib/gcc/arm-none-eabi/7.3.1/thumb/v7e-m/fpv4-sp/hard/crti.o
                0x000000000800c31c                _fini
 .fini          0x000000000800c320        0x8 c:/st/stm32cubeide_1.3.0/stm32cubeide/plugins/com.st.stm32cube.ide.mcu.externaltools.gnu-tools-for-stm32.7-2018-q2-update.win32_1.4.0.202007081208/tools/bin/../lib/gcc/arm-none-eabi/7.3.1/thumb/v7e-m/fpv4-sp/hard/crtn.o
                0x000000000800c328                . = ALIGN (0x4)
                0x000000000800c328                _etext = .

.vfp11_veneer   0x000000000800c328        0x0
 .vfp11_veneer  0x000000000800c328        0x0 linker stubs

.v4_bx          0x000000000800c328        0x0
 .v4_bx         0x000000000800c328        0x0 linker stubs

.iplt           0x000000000800c328        0x0
 .iplt          0x000000000800c328        0x0 c:/st/stm32cubeide_1.3.0/stm32cubeide/plugins/com.st.stm32cube.ide.mcu.externaltools.gnu-tools-for-stm32.7-2018-q2-update.win32_1.4.0.202007081208/tools/bin/../lib/gcc/arm-none-eabi/7.3.1/thumb/v7e-m/fpv4-sp/hard/crtbegin.o

.rodata         0x000000000800c328      0xc34
                0x000000000800c328                . = ALIGN (0x4)
 *(.rodata)
 .rodata        0x000000000800c328       0x64 Core/Src/main.o
 .rodata        0x000000000800c38c      0x5c9 Suporting_Devices/Radio_Module/NRF24L01/Src/Radio_RF_Control.o
 *fill*         0x000000000800c955        0x3 
 .rodata        0x000000000800c958       0x4a Suporting_Devices/SSD1306/Src/OLED_LCD_Control.o
 *(.rodata*)
 *fill*         0x000000000800c9a2        0x2 
 .rodata.AHBPrescTable
                0x000000000800c9a4       0x10 Core/Src/system_stm32f4xx.o
                0x000000000800c9a4                AHBPrescTable
 .rodata.APBPrescTable
                0x000000000800c9b4        0x8 Core/Src/system_stm32f4xx.o
                0x000000000800c9b4                APBPrescTable
 .rodata.flagBitshiftOffset.8950
                0x000000000800c9bc        0x8 Drivers/STM32F4xx_HAL_Driver/Src/stm32f4xx_hal_dma.o
 .rodata.NRF24_ADDR_REGS
                0x000000000800c9c4        0x7 Suporting_Devices/Radio_Module/NRF24L01/Src/Radio_RF_Control.o
 *fill*         0x000000000800c9cb        0x1 
 .rodata.RF24_RX_PW_PIPE
                0x000000000800c9cc        0x6 Suporting_Devices/Radio_Module/NRF24L01/Src/Radio_RF_Control.o
 *fill*         0x000000000800c9d2        0x2 
 .rodata._ZN4OLED5font1E
                0x000000000800c9d4      0x500 Suporting_Devices/SSD1306/Src/RJA_SSD1306.o
                0x000000000800c9d4                OLED::font1
 .rodata._ZTV4OLED
                0x000000000800ced4       0x10 Suporting_Devices/SSD1306/Src/RJA_SSD1306.o
                0x000000000800ced4                vtable for OLED
 .rodata._ZNSt7__cxx1112basic_stringIcSt11char_traitsIcESaIcEE12_M_constructIPcEEvT_S7_St20forward_iterator_tag.str1.1
                0x000000000800cee4       0x2a c:/st/stm32cubeide_1.3.0/stm32cubeide/plugins/com.st.stm32cube.ide.mcu.externaltools.gnu-tools-for-stm32.7-2018-q2-update.win32_1.4.0.202007081208/tools/bin/../lib/gcc/arm-none-eabi/7.3.1/../../../../arm-none-eabi/lib/thumb/v7e-m/fpv4-sp/hard\libstdc++_nano.a(string-inst.o)
 .rodata._ZNSt7__cxx1112basic_stringIcSt11char_traitsIcESaIcEE9_M_createERjj.str1.1
                0x000000000800cf0e       0x18 c:/st/stm32cubeide_1.3.0/stm32cubeide/plugins/com.st.stm32cube.ide.mcu.externaltools.gnu-tools-for-stm32.7-2018-q2-update.win32_1.4.0.202007081208/tools/bin/../lib/gcc/arm-none-eabi/7.3.1/../../../../arm-none-eabi/lib/thumb/v7e-m/fpv4-sp/hard\libstdc++_nano.a(string-inst.o)
 .rodata._svfprintf_r.str1.1
                0x000000000800cf26       0x11 c:/st/stm32cubeide_1.3.0/stm32cubeide/plugins/com.st.stm32cube.ide.mcu.externaltools.gnu-tools-for-stm32.7-2018-q2-update.win32_1.4.0.202007081208/tools/bin/../lib/gcc/arm-none-eabi/7.3.1/../../../../arm-none-eabi/lib/thumb/v7e-m/fpv4-sp/hard\libc_nano.a(lib_a-nano-svfprintf.o)
 .rodata._printf_i.str1.1
                0x000000000800cf37       0x22 c:/st/stm32cubeide_1.3.0/stm32cubeide/plugins/com.st.stm32cube.ide.mcu.externaltools.gnu-tools-for-stm32.7-2018-q2-update.win32_1.4.0.202007081208/tools/bin/../lib/gcc/arm-none-eabi/7.3.1/../../../../arm-none-eabi/lib/thumb/v7e-m/fpv4-sp/hard\libc_nano.a(lib_a-nano-vfprintf_i.o)
                0x000000000800cf5c                . = ALIGN (0x4)
 *fill*         0x000000000800cf59        0x3 

.ARM.extab      0x000000000800cf5c        0x0
                0x000000000800cf5c                . = ALIGN (0x4)
 *(.ARM.extab* .gnu.linkonce.armextab.*)
                0x000000000800cf5c                . = ALIGN (0x4)

.ARM            0x000000000800cf5c        0x8
                0x000000000800cf5c                . = ALIGN (0x4)
                0x000000000800cf5c                __exidx_start = .
 *(.ARM.exidx*)
 .ARM.exidx     0x000000000800cf5c        0x8 c:/st/stm32cubeide_1.3.0/stm32cubeide/plugins/com.st.stm32cube.ide.mcu.externaltools.gnu-tools-for-stm32.7-2018-q2-update.win32_1.4.0.202007081208/tools/bin/../lib/gcc/arm-none-eabi/7.3.1/thumb/v7e-m/fpv4-sp/hard\libgcc.a(_udivmoddi4.o)
                0x000000000800cf64                __exidx_end = .
                0x000000000800cf64                . = ALIGN (0x4)

.rel.dyn        0x000000000800cf64        0x0
 .rel.iplt      0x000000000800cf64        0x0 c:/st/stm32cubeide_1.3.0/stm32cubeide/plugins/com.st.stm32cube.ide.mcu.externaltools.gnu-tools-for-stm32.7-2018-q2-update.win32_1.4.0.202007081208/tools/bin/../lib/gcc/arm-none-eabi/7.3.1/thumb/v7e-m/fpv4-sp/hard/crtbegin.o

.preinit_array  0x000000000800cf64        0x0
                0x000000000800cf64                . = ALIGN (0x4)
                0x000000000800cf64                PROVIDE (__preinit_array_start = .)
 *(.preinit_array*)
                0x000000000800cf64                PROVIDE (__preinit_array_end = .)
                0x000000000800cf64                . = ALIGN (0x4)

.init_array     0x000000000800cf64        0x8
                0x000000000800cf64                . = ALIGN (0x4)
                0x000000000800cf64                PROVIDE (__init_array_start = .)
 *(SORT_BY_NAME(.init_array.*))
 *(.init_array*)
 .init_array    0x000000000800cf64        0x4 c:/st/stm32cubeide_1.3.0/stm32cubeide/plugins/com.st.stm32cube.ide.mcu.externaltools.gnu-tools-for-stm32.7-2018-q2-update.win32_1.4.0.202007081208/tools/bin/../lib/gcc/arm-none-eabi/7.3.1/thumb/v7e-m/fpv4-sp/hard/crtbegin.o
 .init_array    0x000000000800cf68        0x4 Suporting_Devices/SSD1306/Src/OLED_LCD_Control.o
                0x000000000800cf6c                PROVIDE (__init_array_end = .)
                0x000000000800cf6c                . = ALIGN (0x4)

.fini_array     0x000000000800cf6c        0x8
                0x000000000800cf6c                . = ALIGN (0x4)
                [!provide]                        PROVIDE (__fini_array_start = .)
 *(SORT_BY_NAME(.fini_array.*))
 *(.fini_array*)
 .fini_array    0x000000000800cf6c        0x4 c:/st/stm32cubeide_1.3.0/stm32cubeide/plugins/com.st.stm32cube.ide.mcu.externaltools.gnu-tools-for-stm32.7-2018-q2-update.win32_1.4.0.202007081208/tools/bin/../lib/gcc/arm-none-eabi/7.3.1/thumb/v7e-m/fpv4-sp/hard/crtbegin.o
 .fini_array    0x000000000800cf70        0x4 Suporting_Devices/SSD1306/Src/OLED_LCD_Control.o
                [!provide]                        PROVIDE (__fini_array_end = .)
                0x000000000800cf74                . = ALIGN (0x4)
                0x000000000800cf74                _sidata = LOADADDR (.data)

.data           0x0000000020000000       0xd8 load address 0x000000000800cf74
                0x0000000020000000                . = ALIGN (0x4)
                0x0000000020000000                _sdata = .
 *(.data)
 *(.data*)
 .data.SystemCoreClock
                0x0000000020000000        0x4 Core/Src/system_stm32f4xx.o
                0x0000000020000000                SystemCoreClock
 .data.uwTickPrio
                0x0000000020000004        0x4 Drivers/STM32F4xx_HAL_Driver/Src/stm32f4xx_hal.o
                0x0000000020000004                uwTickPrio
 .data.uwTickFreq
                0x0000000020000008        0x1 Drivers/STM32F4xx_HAL_Driver/Src/stm32f4xx_hal.o
                0x0000000020000008                uwTickFreq
 *fill*         0x0000000020000009        0x7 
 .data.TxpipeAddrs
                0x0000000020000010        0x8 Suporting_Devices/Radio_Module/NRF24L01/Src/Radio_RF_Control.o
                0x0000000020000010                TxpipeAddrs
 .data.myTxData
                0x0000000020000018       0x20 Suporting_Devices/Radio_Module/NRF24L01/Src/Radio_RF_Control.o
                0x0000000020000018                myTxData
 .data.RxpipeAddrs
                0x0000000020000038        0x8 Suporting_Devices/Radio_Module/NRF24L01/Src/Radio_RF_Control.o
                0x0000000020000038                RxpipeAddrs
 .data.s        0x0000000020000040       0x32 Suporting_Devices/SSD1306/Src/OLED_LCD_Control.o
                0x0000000020000040                s
 *fill*         0x0000000020000072        0x2 
 .data._impure_ptr
                0x0000000020000074        0x4 c:/st/stm32cubeide_1.3.0/stm32cubeide/plugins/com.st.stm32cube.ide.mcu.externaltools.gnu-tools-for-stm32.7-2018-q2-update.win32_1.4.0.202007081208/tools/bin/../lib/gcc/arm-none-eabi/7.3.1/../../../../arm-none-eabi/lib/thumb/v7e-m/fpv4-sp/hard\libc_nano.a(lib_a-impure.o)
                0x0000000020000074                _impure_ptr
 .data.impure_data
                0x0000000020000078       0x60 c:/st/stm32cubeide_1.3.0/stm32cubeide/plugins/com.st.stm32cube.ide.mcu.externaltools.gnu-tools-for-stm32.7-2018-q2-update.win32_1.4.0.202007081208/tools/bin/../lib/gcc/arm-none-eabi/7.3.1/../../../../arm-none-eabi/lib/thumb/v7e-m/fpv4-sp/hard\libc_nano.a(lib_a-impure.o)
                0x00000000200000d8                . = ALIGN (0x4)
                0x00000000200000d8                _edata = .

.igot.plt       0x00000000200000d8        0x0 load address 0x000000000800d04c
 .igot.plt      0x00000000200000d8        0x0 c:/st/stm32cubeide_1.3.0/stm32cubeide/plugins/com.st.stm32cube.ide.mcu.externaltools.gnu-tools-for-stm32.7-2018-q2-update.win32_1.4.0.202007081208/tools/bin/../lib/gcc/arm-none-eabi/7.3.1/thumb/v7e-m/fpv4-sp/hard/crtbegin.o
                0x00000000200000d8                . = ALIGN (0x4)

.bss            0x00000000200000d8     0x2580 load address 0x000000000800d04c
                0x00000000200000d8                _sbss = .
                0x00000000200000d8                __bss_start__ = _sbss
 *(.bss)
 .bss           0x00000000200000d8       0x1c c:/st/stm32cubeide_1.3.0/stm32cubeide/plugins/com.st.stm32cube.ide.mcu.externaltools.gnu-tools-for-stm32.7-2018-q2-update.win32_1.4.0.202007081208/tools/bin/../lib/gcc/arm-none-eabi/7.3.1/thumb/v7e-m/fpv4-sp/hard/crtbegin.o
 *(.bss*)
 .bss.hadc1     0x00000000200000f4       0x48 Core/Src/main.o
                0x00000000200000f4                hadc1
 .bss.hdma_adc1
                0x000000002000013c       0x60 Core/Src/main.o
                0x000000002000013c                hdma_adc1
 .bss.hi2c1     0x000000002000019c       0x54 Core/Src/main.o
                0x000000002000019c                hi2c1
 .bss.hi2s3     0x00000000200001f0       0x48 Core/Src/main.o
                0x00000000200001f0                hi2s3
 .bss.hrtc      0x0000000020000238       0x20 Core/Src/main.o
                0x0000000020000238                hrtc
 .bss.hspi1     0x0000000020000258       0x58 Core/Src/main.o
                0x0000000020000258                hspi1
 .bss.htim1     0x00000000200002b0       0x40 Core/Src/main.o
                0x00000000200002b0                htim1
 .bss.htim2     0x00000000200002f0       0x40 Core/Src/main.o
                0x00000000200002f0                htim2
 .bss.htim3     0x0000000020000330       0x40 Core/Src/main.o