gthr-default.h:229:1:int __gthread_key_delete(__gthread_key_t)	16	static
OLED_LCD_Control.h:20:6:void OLED_One_Time_Configuartion()	112	static
OLED_LCD_Control.h:43:6:void OLED_Schedule_And_Event_Control()	88	static
main.cpp:102:5:int main()	8	static
main.cpp:189:6:void SystemClock_Config()	104	static
main.cpp:245:13:void MX_ADC1_Init()	24	static
main.cpp:295:13:void MX_I2C1_Init()	8	static
main.cpp:331:13:void MX_I2S3_Init()	8	static
main.cpp:365:13:void MX_RTC_Init()	72	static
main.cpp:445:13:void MX_SPI1_Init()	8	static
main.cpp:483:13:void MX_TIM1_Init()	112	static
main.cpp:581:13:void MX_TIM2_Init()	40	static
main.cpp:627:13:void MX_TIM3_Init()	64	static
main.cpp:704:13:void MX_USART1_UART_Init()	8	static
main.cpp:737:13:void MX_USART2_UART_Init()	8	static
main.cpp:768:13:void MX_DMA_Init()	16	static
main.cpp:793:13:void MX_GPIO_Init()	56	static
main.cpp:901:6:void Error_Handler()	4	static
main.cpp:907:1:void __static_initialization_and_destruction_0(int, int)	24	static
main.cpp:907:1:cpp)	8	static
main.cpp:907:1:cpp)	8	static
