main.cpp:103:5:int main()	120	static
main.cpp:195:6:void SystemClock_Config()	104	static
main.cpp:252:13:void MX_ADC1_Init()	24	static
main.cpp:302:13:void MX_I2C1_Init()	8	static
main.cpp:336:13:void MX_I2S3_Init()	8	static
main.cpp:370:13:void MX_RTC_Init()	72	static
main.cpp:450:13:void MX_SPI1_Init()	8	static
main.cpp:488:13:void MX_TIM1_Init()	112	static
main.cpp:586:13:void MX_TIM2_Init()	40	static
main.cpp:632:13:void MX_TIM3_Init()	64	static
main.cpp:709:13:void MX_TIM10_Init()	8	static
main.cpp:740:13:void MX_USART1_UART_Init()	8	static
main.cpp:773:13:void MX_USART2_UART_Init()	8	static
main.cpp:804:13:void MX_DMA_Init()	16	static
main.cpp:829:13:void MX_GPIO_Init()	56	static
main.cpp:935:6:void HAL_GPIO_EXTI_Callback(uint16_t)	16	static
main.cpp:955:6:void Error_Handler()	4	static
