stm32f4xx_it.c:84:6:NMI_Handler	8	static
stm32f4xx_it.c:98:6:HardFault_Handler	4	static
stm32f4xx_it.c:113:6:MemManage_Handler	4	static
stm32f4xx_it.c:128:6:BusFault_Handler	4	static
stm32f4xx_it.c:143:6:UsageFault_Handler	4	static
stm32f4xx_it.c:158:6:SVC_Handler	4	static
stm32f4xx_it.c:171:6:DebugMon_Handler	4	static
stm32f4xx_it.c:184:6:PendSV_Handler	4	static
stm32f4xx_it.c:197:6:SysTick_Handler	8	static
stm32f4xx_it.c:218:6:EXTI0_IRQHandler	8	static
stm32f4xx_it.c:232:6:DMA1_Stream5_IRQHandler	8	static
stm32f4xx_it.c:250:6:DMA1_Stream6_IRQHandler	8	static
stm32f4xx_it.c:269:6:TIM1_BRK_TIM9_IRQHandler	8	static
stm32f4xx_it.c:288:6:TIM1_UP_TIM10_IRQHandler	8	static
stm32f4xx_it.c:312:6:TIM3_IRQHandler	8	static
stm32f4xx_it.c:329:6:I2C1_EV_IRQHandler	8	static
stm32f4xx_it.c:343:6:SPI1_IRQHandler	8	static
stm32f4xx_it.c:357:6:USART2_IRQHandler	8	static
stm32f4xx_it.c:371:6:RTC_Alarm_IRQHandler	8	static
stm32f4xx_it.c:385:6:DMA2_Stream0_IRQHandler	8	static
