stm32f4xx_it.c:78:6:NMI_Handler	8	static
stm32f4xx_it.c:92:6:HardFault_Handler	4	static
stm32f4xx_it.c:107:6:MemManage_Handler	4	static
stm32f4xx_it.c:122:6:BusFault_Handler	4	static
stm32f4xx_it.c:137:6:UsageFault_Handler	4	static
stm32f4xx_it.c:152:6:SVC_Handler	4	static
stm32f4xx_it.c:165:6:DebugMon_Handler	4	static
stm32f4xx_it.c:178:6:PendSV_Handler	4	static
stm32f4xx_it.c:191:6:SysTick_Handler	8	static
stm32f4xx_it.c:212:6:DMA1_Stream5_IRQHandler	8	static
stm32f4xx_it.c:230:6:DMA1_Stream6_IRQHandler	8	static
stm32f4xx_it.c:249:6:TIM1_BRK_TIM9_IRQHandler	8	static
stm32f4xx_it.c:263:6:TIM3_IRQHandler	8	static
stm32f4xx_it.c:277:6:I2C1_EV_IRQHandler	8	static
stm32f4xx_it.c:291:6:SPI1_IRQHandler	8	static
stm32f4xx_it.c:305:6:USART2_IRQHandler	8	static
stm32f4xx_it.c:319:6:RTC_Alarm_IRQHandler	8	static
stm32f4xx_it.c:333:6:DMA2_Stream0_IRQHandler	8	static
