MY_NRF24_main.h:50:6:NRF24_DelayMicroSeconds	24	static
MY_NRF24_main.h:58:6:NRF24_csn	16	static
MY_NRF24_main.h:64:6:NRF24_ce	16	static
MY_NRF24_main.h:70:9:NRF24_read_register	24	static
MY_NRF24_main.h:87:6:NRF24_read_registerN	24	static
MY_NRF24_main.h:102:6:NRF24_write_register	24	static
MY_NRF24_main.h:115:6:NRF24_write_registerN	24	static
MY_NRF24_main.h:128:6:NRF24_write_payload	24	static
MY_NRF24_main.h:141:6:NRF24_read_payload	24	static
MY_NRF24_main.h:155:6:NRF24_flush_tx	8	static
MY_NRF24_main.h:160:6:NRF24_flush_rx	8	static
MY_NRF24_main.h:165:9:NRF24_get_status	16	static
MY_NRF24_main.h:173:6:NRF24_begin_caller	104	static
MY_NRF24_main.h:179:6:NRF24_begin	24	static
MY_NRF24_main.h:252:6:NRF24_startListening	16	static
MY_NRF24_main.h:269:6:NRF24_stopListening	8	static
MY_NRF24_main.h:276:6:NRF24_write	32	static
MY_NRF24_main.h:312:6:NRF24_available	8	static
MY_NRF24_main.h:317:6:NRF24_read	24	static
MY_NRF24_main.h:326:6:NRF24_openWritingPipe	24	static
MY_NRF24_main.h:335:6:NRF24_openReadingPipe	32	static
MY_NRF24_main.h:359:6:NRF24_setRetries	16	static
MY_NRF24_main.h:365:6:NRF24_setChannel	24	static
MY_NRF24_main.h:371:6:NRF24_setPayloadSize	24	static
MY_NRF24_main.h:377:9:NRF24_getPayloadSize	4	static
MY_NRF24_main.h:382:9:NRF24_getDynamicPayloadSize	8	static
MY_NRF24_main.h:387:6:NRF24_enableAckPayload	8	static
MY_NRF24_main.h:400:6:NRF24_enableDynamicPayloads	8	static
MY_NRF24_main.h:414:6:NRF24_disableDynamicPayloads	8	static
MY_NRF24_main.h:422:6:NRF24_isNRF_Plus	4	static
MY_NRF24_main.h:427:6:NRF24_setAutoAck	16	static
MY_NRF24_main.h:435:6:NRF24_setAutoAckPipe	24	static
MY_NRF24_main.h:452:6:NRF24_setPALevel	24	static
MY_NRF24_main.h:483:15:NRF24_getPALevel	16	static
MY_NRF24_main.h:509:6:NRF24_setDataRate	24	static
MY_NRF24_main.h:554:17:NRF24_getDataRate	16	static
MY_NRF24_main.h:579:6:NRF24_setCRCLength	24	static
MY_NRF24_main.h:600:18:NRF24_getCRCLength	16	static
MY_NRF24_main.h:616:6:NRF24_disableCRC	16	static
MY_NRF24_main.h:622:6:NRF24_powerUp	8	static
MY_NRF24_main.h:627:6:NRF24_powerDown	8	static
MY_NRF24_main.h:632:6:NRF24_availablePipe	24	static
MY_NRF24_main.h:656:6:NRF24_startWrite	16	static
MY_NRF24_main.h:673:6:NRF24_writeAckPayload	24	static
MY_NRF24_main.h:684:6:NRF24_isAckPayloadAvailable	16	static
MY_NRF24_main.h:691:6:NRF24_whatHappened	32	static
MY_NRF24_main.h:702:6:NRF24_testCarrier	8	static
MY_NRF24_main.h:707:6:NRF24_testRPD	8	static
MY_NRF24_main.h:713:6:NRF24_resetStatus	8	static
MY_NRF24_main.h:719:6:NRF24_ACTIVATE_cmd	16	static
MY_NRF24_main.h:730:9:NRF24_GetAckPayloadSize	4	static
MY_NRF24_main.h:735:6:printRadioSettings	152	static
MY_NRF24_main.h:862:6:printStatusReg	136	static
MY_NRF24_main.h:878:6:printConfigReg	120	static
MY_NRF24_main.h:896:6:nrf24_DebugUART_Init_caller	72	static
MY_NRF24_main.h:900:6:nrf24_DebugUART_Init	12	static
MY_NRF24_main.h:905:6:printFIFOstatus	128	static
Radio_RF_Control.c:24:6:NRF24L01_One_Time_Configuartion	16	static
Radio_RF_Control.c:67:6:NRF24L01_Schedule_And_Event_Control	88	static
